<html>
<body>
<pre>
<h1>µVision Build Log</h1>
<h2>Tool Versions:</h2>
IDE-Version: ¦ÌVision V5.30.0.0
Copyright (C) 2020 ARM Ltd and ARM Germany GmbH. All rights reserved.
License Information: 1 »Æ½¡ÏÍ, 1, LIC=WHYH9-4DEX6-KPCZY-I5H8U-VWYZB-AR2ED
 
Tool Versions:
Toolchain:       MDK-ARM Plus  Version: 5.30.0.0
Toolchain Path:  E:\Keil530\ARM\ARMCC\Bin
C Compiler:      Armcc.exe V5.06 update 6 (build 750)
Assembler:       Armasm.exe V5.06 update 6 (build 750)
Linker/Locator:  ArmLink.exe V5.06 update 6 (build 750)
Library Manager: ArmAr.exe V5.06 update 6 (build 750)
Hex Converter:   FromElf.exe V5.06 update 6 (build 750)
CPU DLL:         SARMCM3.DLL V5.30.0.0
Dialog DLL:      DCM.DLL V1.17.3.0
Target DLL:      STLink\ST-LINKIII-KEIL_SWO.dll V3.0.7.0
Dialog DLL:      TCM.DLL V1.42.0.0
 
<h2>Project:</h2>
E:\Work\FlyFire_Work\Auto_TestMachine\Auto_TestMachine\ATM_STM32\MDK-ARM\Auto_TestMachine.uvprojx
Project File Date:  08/05/2022

<h2>Output:</h2>
*** Using Compiler 'V5.06 update 6 (build 750)', folder: 'E:\Keil530\ARM\ARMCC\Bin'
Build target 'Auto_TestMachine'
compiling bsp_adcdetect.c...
..\BSP\Src\bsp_adcdetect.c(49): warning:  #1035-D: single-precision operand implicitly converted to double-precision
  		Cur_Value[CHANNEL0] = ((float)avg / 4096.0 * 3.3);
..\BSP\Src\bsp_adcdetect.c(60): warning:  #1035-D: single-precision operand implicitly converted to double-precision
  		Cur_Value[CHANNEL1] = ((float)avg / 4096.0 * 3.3);
..\BSP\Src\bsp_adcdetect.c(71): warning:  #1035-D: single-precision operand implicitly converted to double-precision
  		Cur_Value[CHANNEL2] = ((float)avg / 4096.0 * 3.3);
..\BSP\Src\bsp_adcdetect.c(81): warning:  #1035-D: single-precision operand implicitly converted to double-precision
  		Cur_Value[CHANNEL3] = ((float)avg / 4096.0 * 3.3);
..\BSP\Src\bsp_adcdetect.c: 4 warnings, 0 errors
compiling main.c...
linking...
Program Size: Code=15012 RO-data=504 RW-data=152 ZI-data=20096  
FromELF: creating hex file...
"Auto_TestMachine\Auto_TestMachine.axf" - 0 Error(s), 4 Warning(s).

<h2>Software Packages used:</h2>

Package Vendor: ARM
                http://www.keil.com/pack/ARM.CMSIS.5.7.0.pack
                ARM.CMSIS.5.7.0
                CMSIS (Cortex Microcontroller Software Interface Standard)
   * Component: CORE Version: 5.4.0

Package Vendor: Keil
                http://www.keil.com/pack/Keil.STM32F4xx_DFP.2.13.0.pack
                Keil.STM32F4xx_DFP.2.13.0
                STMicroelectronics STM32F4 Series Device Support, Drivers and Examples

<h2>Collection of Component include folders:</h2>
  .\RTE\_Auto_TestMachine
  E:\Keil530\Packs\ARM\CMSIS\5.7.0\CMSIS\Core\Include
  E:\Keil530\Packs\Keil\STM32F4xx_DFP\2.13.0\Drivers\CMSIS\Device\ST\STM32F4xx\Include

<h2>Collection of Component Files used:</h2>

   * Component: ARM::CMSIS:CORE:5.4.0
Build Time Elapsed:  00:00:05
</pre>
</body>
</html>
