Component: ARM Compiler 5.06 update 6 (build 750) Tool: armlink [4d35ed]

==============================================================================

Section Cross References

    startup_stm32f407xx.o(RESET) refers to startup_stm32f407xx.o(STACK) for __initial_sp
    startup_stm32f407xx.o(RESET) refers to startup_stm32f407xx.o(.text) for Reset_Handler
    startup_stm32f407xx.o(RESET) refers to stm32f4xx_it.o(i.NMI_Handler) for NMI_Handler
    startup_stm32f407xx.o(RESET) refers to stm32f4xx_it.o(i.HardFault_Handler) for HardFault_Handler
    startup_stm32f407xx.o(RESET) refers to stm32f4xx_it.o(i.MemManage_Handler) for MemManage_Handler
    startup_stm32f407xx.o(RESET) refers to stm32f4xx_it.o(i.BusFault_Handler) for BusFault_Handler
    startup_stm32f407xx.o(RESET) refers to stm32f4xx_it.o(i.UsageFault_Handler) for UsageFault_Handler
    startup_stm32f407xx.o(RESET) refers to port.o(.emb_text) for SVC_Handler
    startup_stm32f407xx.o(RESET) refers to stm32f4xx_it.o(i.DebugMon_Handler) for DebugMon_Handler
    startup_stm32f407xx.o(RESET) refers to port.o(i.SysTick_Handler) for SysTick_Handler
    startup_stm32f407xx.o(RESET) refers to stm32f4xx_it.o(i.DMA1_Stream1_IRQHandler) for DMA1_Stream1_IRQHandler
    startup_stm32f407xx.o(RESET) refers to stm32f4xx_it.o(i.TIM3_IRQHandler) for TIM3_IRQHandler
    startup_stm32f407xx.o(RESET) refers to stm32f4xx_it.o(i.USART3_IRQHandler) for USART3_IRQHandler
    startup_stm32f407xx.o(RESET) refers to stm32f4xx_it.o(i.DMA2_Stream0_IRQHandler) for DMA2_Stream0_IRQHandler
    startup_stm32f407xx.o(.text) refers to system_stm32f4xx.o(i.SystemInit) for SystemInit
    startup_stm32f407xx.o(.text) refers to entry.o(.ARM.Collect$$$$00000000) for __main
    main.o(i.HAL_TIM_PeriodElapsedCallback) refers to stm32f4xx_hal.o(i.HAL_IncTick) for HAL_IncTick
    main.o(i.SystemClock_Config) refers to memseta.o(.text) for __aeabi_memclr4
    main.o(i.SystemClock_Config) refers to stm32f4xx_hal_rcc.o(i.HAL_RCC_OscConfig) for HAL_RCC_OscConfig
    main.o(i.SystemClock_Config) refers to stm32f4xx_hal_rcc.o(i.HAL_RCC_ClockConfig) for HAL_RCC_ClockConfig
    main.o(i.main) refers to stm32f4xx_hal.o(i.HAL_Init) for HAL_Init
    main.o(i.main) refers to main.o(i.SystemClock_Config) for SystemClock_Config
    main.o(i.main) refers to gpio.o(i.MX_GPIO_Init) for MX_GPIO_Init
    main.o(i.main) refers to dma.o(i.MX_DMA_Init) for MX_DMA_Init
    main.o(i.main) refers to adc.o(i.MX_ADC1_Init) for MX_ADC1_Init
    main.o(i.main) refers to usart.o(i.MX_USART3_UART_Init) for MX_USART3_UART_Init
    main.o(i.main) refers to iwdg.o(i.MX_IWDG_Init) for MX_IWDG_Init
    main.o(i.main) refers to tim.o(i.MX_TIM10_Init) for MX_TIM10_Init
    main.o(i.main) refers to watchdog.o(i.FeedIndependentWDOG) for FeedIndependentWDOG
    main.o(i.main) refers to stm32f4xx_hal_tim.o(i.HAL_TIM_Base_Start_IT) for HAL_TIM_Base_Start_IT
    main.o(i.main) refers to cmsis_os2.o(i.osKernelInitialize) for osKernelInitialize
    main.o(i.main) refers to freertos.o(i.MX_FREERTOS_Init) for MX_FREERTOS_Init
    main.o(i.main) refers to cmsis_os2.o(i.osKernelStart) for osKernelStart
    main.o(i.main) refers to tim.o(.bss) for htim10
    gpio.o(i.MX_GPIO_Init) refers to memseta.o(.text) for __aeabi_memclr4
    gpio.o(i.MX_GPIO_Init) refers to stm32f4xx_hal_gpio.o(i.HAL_GPIO_WritePin) for HAL_GPIO_WritePin
    gpio.o(i.MX_GPIO_Init) refers to stm32f4xx_hal_gpio.o(i.HAL_GPIO_Init) for HAL_GPIO_Init
    adc.o(i.HAL_ADC_MspDeInit) refers to stm32f4xx_hal_gpio.o(i.HAL_GPIO_DeInit) for HAL_GPIO_DeInit
    adc.o(i.HAL_ADC_MspDeInit) refers to stm32f4xx_hal_dma.o(i.HAL_DMA_DeInit) for HAL_DMA_DeInit
    adc.o(i.HAL_ADC_MspInit) refers to memseta.o(.text) for __aeabi_memclr4
    adc.o(i.HAL_ADC_MspInit) refers to stm32f4xx_hal_gpio.o(i.HAL_GPIO_Init) for HAL_GPIO_Init
    adc.o(i.HAL_ADC_MspInit) refers to stm32f4xx_hal_dma.o(i.HAL_DMA_Init) for HAL_DMA_Init
    adc.o(i.HAL_ADC_MspInit) refers to main.o(i.Error_Handler) for Error_Handler
    adc.o(i.HAL_ADC_MspInit) refers to adc.o(.bss) for .bss
    adc.o(i.MX_ADC1_Init) refers to stm32f4xx_hal_adc.o(i.HAL_ADC_Init) for HAL_ADC_Init
    adc.o(i.MX_ADC1_Init) refers to main.o(i.Error_Handler) for Error_Handler
    adc.o(i.MX_ADC1_Init) refers to stm32f4xx_hal_adc.o(i.HAL_ADC_ConfigChannel) for HAL_ADC_ConfigChannel
    adc.o(i.MX_ADC1_Init) refers to adc.o(.bss) for .bss
    dma.o(i.MX_DMA_Init) refers to stm32f4xx_hal_cortex.o(i.HAL_NVIC_SetPriority) for HAL_NVIC_SetPriority
    dma.o(i.MX_DMA_Init) refers to stm32f4xx_hal_cortex.o(i.HAL_NVIC_EnableIRQ) for HAL_NVIC_EnableIRQ
    freertos.o(i.Init_taskFunction) refers to tasks.o(i.xTaskGetTickCount) for xTaskGetTickCount
    freertos.o(i.Init_taskFunction) refers to tasks.o(i.vTaskDelayUntil) for vTaskDelayUntil
    freertos.o(i.MX_FREERTOS_Init) refers to cmsis_os2.o(i.osTimerNew) for osTimerNew
    freertos.o(i.MX_FREERTOS_Init) refers to cmsis_os2.o(i.osThreadNew) for osThreadNew
[...]
    i.TimerCallback                          0x08002634   Section        0  cmsis_os2.o(i.TimerCallback)
    TimerCallback                            0x08002635   Thumb Code    24  cmsis_os2.o(i.TimerCallback)
    i.UART_RX_IDLE_Callback                  0x0800264c   Section        0  bsp_usart.o(i.UART_RX_IDLE_Callback)
    UART_RX_IDLE_Callback                    0x0800264d   Thumb Code   112  bsp_usart.o(i.UART_RX_IDLE_Callback)
    i.UART_SetConfig                         0x080026cc   Section        0  stm32f4xx_hal_uart.o(i.UART_SetConfig)
    UART_SetConfig                           0x080026cd   Thumb Code   286  stm32f4xx_hal_uart.o(i.UART_SetConfig)
    i.UART_WaitOnFlagUntilTimeout            0x080027f4   Section        0  stm32f4xx_hal_uart.o(i.UART_WaitOnFlagUntilTimeout)
    UART_WaitOnFlagUntilTimeout              0x080027f5   Thumb Code   100  stm32f4xx_hal_uart.o(i.UART_WaitOnFlagUntilTimeout)
    i.USART3_DMA_Init                        0x08002858   Section        0  bsp_usart.o(i.USART3_DMA_Init)
    i.USART3_IRQHandler                      0x080028a0   Section        0  stm32f4xx_it.o(i.USART3_IRQHandler)
    i.USART3_Receive_Handler                 0x080028b0   Section        0  bsp_usart.o(i.USART3_Receive_Handler)
    i.Update_Channelx_ADC                    0x080028cc   Section        0  bsp_adcdetect.o(i.Update_Channelx_ADC)
    Update_Channelx_ADC                      0x080028cd   Thumb Code   116  bsp_adcdetect.o(i.Update_Channelx_ADC)
    i.UsageFault_Handler                     0x08002950   Section        0  stm32f4xx_it.o(i.UsageFault_Handler)
    i.UsartInteractTask                      0x08002954   Section        0  usartinteract_task.o(i.UsartInteractTask)
    i.UsartInteract_TaskCreate               0x080029a0   Section        0  usartinteract_task.o(i.UsartInteract_TaskCreate)
    i.WS2812_CheckSelf                       0x080029d0   Section        0  light_show.o(i.WS2812_CheckSelf)
    i.WS2812_Detect                          0x08002a0c   Section        0  light_show.o(i.WS2812_Detect)
    i.WS2812_LIGHTOFF                        0x08002a22   Section        0  light_show.o(i.WS2812_LIGHTOFF)
    i.WS2812_SHOW                            0x08002a26   Section        0  light_show.o(i.WS2812_SHOW)
    i.__NVIC_SetPriority                     0x08002a2a   Section        0  stm32f4xx_hal_cortex.o(i.__NVIC_SetPriority)
    __NVIC_SetPriority                       0x08002a2b   Thumb Code    32  stm32f4xx_hal_cortex.o(i.__NVIC_SetPriority)
    i.__scatterload_copy                     0x08002a4a   Section       14  handlers.o(i.__scatterload_copy)
    i.__scatterload_null                     0x08002a58   Section        2  handlers.o(i.__scatterload_null)
    i.__scatterload_zeroinit                 0x08002a5a   Section       14  handlers.o(i.__scatterload_zeroinit)
    i.bsp_ADC_Reset                          0x08002a68   Section        0  bsp_adcdetect.o(i.bsp_ADC_Reset)
    i.bsp_ADC_Update                         0x08002a88   Section        0  bsp_adcdetect.o(i.bsp_ADC_Update)
    i.bsp_WS2812_Init                        0x08002adc   Section        0  bsp_ws2812.o(i.bsp_WS2812_Init)
    i.bsp_WS2812_LED_Off                     0x08002b0c   Section        0  bsp_ws2812.o(i.bsp_WS2812_LED_Off)
    i.bsp_WS2812_LED_Write                   0x08002b28   Section        0  bsp_ws2812.o(i.bsp_WS2812_LED_Write)
    i.bsp_WS2812_Show                        0x08002b44   Section        0  bsp_ws2812.o(i.bsp_WS2812_Show)
    i.bsp_WS2812_SyncAll                     0x08002b6c   Section        0  bsp_ws2812.o(i.bsp_WS2812_SyncAll)
    i.bsp_WS2812_WriteAll                    0x08002b90   Section        0  bsp_ws2812.o(i.bsp_WS2812_WriteAll)
    i.delay_100ns                            0x08002bb4   Section        0  bsp_ws2812.o(i.delay_100ns)
    delay_100ns                              0x08002bb5   Thumb Code    26  bsp_ws2812.o(i.delay_100ns)
    i.fsm_running                            0x08002bd0   Section        0  main_fsm.o(i.fsm_running)
    fsm_running                              0x08002bd1   Thumb Code    82  main_fsm.o(i.fsm_running)
    i.main                                   0x08002c28   Section        0  main.o(i.main)
    i.mainfsm                                0x08002c64   Section        0  main_fsm.o(i.mainfsm)
    i.mainfsm_get_sta                        0x08002c9c   Section        0  main_fsm.o(i.mainfsm_get_sta)
    i.mainfsm_switch                         0x08002ca8   Section        0  main_fsm.o(i.mainfsm_switch)
    i.osDelay                                0x08002cb8   Section        0  cmsis_os2.o(i.osDelay)
    i.osKernelInitialize                     0x08002cec   Section        0  cmsis_os2.o(i.osKernelInitialize)
    i.osKernelStart                          0x08002d20   Section        0  cmsis_os2.o(i.osKernelStart)
    i.osThreadNew                            0x08002d5c   Section        0  cmsis_os2.o(i.osThreadNew)
    i.osTimerNew                             0x08002e00   Section        0  cmsis_os2.o(i.osTimerNew)
    i.osTimerStart                           0x08002e84   Section        0  cmsis_os2.o(i.osTimerStart)
    i.prvAddCurrentTaskToDelayedList         0x08002ed0   Section        0  tasks.o(i.prvAddCurrentTaskToDelayedList)
    prvAddCurrentTaskToDelayedList           0x08002ed1   Thumb Code    84  tasks.o(i.prvAddCurrentTaskToDelayedList)
    i.prvAddNewTaskToReadyList               0x08002f2c   Section        0  tasks.o(i.prvAddNewTaskToReadyList)
    prvAddNewTaskToReadyList                 0x08002f2d   Thumb Code   190  tasks.o(i.prvAddNewTaskToReadyList)
    i.prvCheckForValidListAndQueue           0x08002ffc   Section        0  timers.o(i.prvCheckForValidListAndQueue)
    prvCheckForValidListAndQueue             0x08002ffd   Thumb Code    72  timers.o(i.prvCheckForValidListAndQueue)
    i.prvCopyDataFromQueue                   0x08003054   Section        0  queue.o(i.prvCopyDataFromQueue)
    prvCopyDataFromQueue                     0x08003055   Thumb Code    38  queue.o(i.prvCopyDataFromQueue)
    i.prvCopyDataToQueue                     0x0800307a   Section        0  queue.o(i.prvCopyDataToQueue)
    prvCopyDataToQueue                       0x0800307b   Thumb Code   108  queue.o(i.prvCopyDataToQueue)
    i.prvDeleteTCB                           0x080030e6   Section        0  tasks.o(i.prvDeleteTCB)
    prvDeleteTCB                             0x080030e7   Thumb Code    52  tasks.o(i.prvDeleteTCB)
    i.prvHeapInit                            0x0800311c   Section        0  heap_4.o(i.prvHeapInit)
    prvHeapInit                              0x0800311d   Thumb Code    66  heap_4.o(i.prvHeapInit)
    i.prvIdleTask                            0x08003168   Section        0  tasks.o(i.prvIdleTask)
    prvIdleTask                              0x08003169   Thumb Code    82  tasks.o(i.prvIdleTask)
    i.prvInitialiseNewQueue                  0x080031c8   Section        0  queue.o(i.prvInitialiseNewQueue)
    prvInitialiseNewQueue                    0x080031c9   Thumb Code    34  queue.o(i.prvInitialiseNewQueue)
    i.prvInitialiseNewTask                   0x080031ec   Section        0  tasks.o(i.prvInitialiseNewTask)
    prvInitialiseNewTask                     0x080031ed   Thumb Code   176  tasks.o(i.prvInitialiseNewTask)
    i.prvInitialiseNewTimer                  0x0800329c   Section        0  timers.o(i.prvInitialiseNewTimer)
    prvInitialiseNewTimer                    0x0800329d   Thumb Code    78  timers.o(i.prvInitialiseNewTimer)
    i.prvInsertBlockIntoFreeList             0x080032ec   Section        0  heap_4.o(i.prvInsertBlockIntoFreeList)
    prvInsertBlockIntoFreeList               0x080032ed   Thumb Code    72  heap_4.o(i.prvInsertBlockIntoFreeList)
    i.prvInsertTimerInActiveList             0x08003338   Section        0  timers.o(i.prvInsertTimerInActiveList)
    prvInsertTimerInActiveList               0x08003339   Thumb Code    52  timers.o(i.prvInsertTimerInActiveList)
    i.prvIsQueueEmpty                        0x08003370   Section        0  queue.o(i.prvIsQueueEmpty)
    prvIsQueueEmpty                          0x08003371   Thumb Code    28  queue.o(i.prvIsQueueEmpty)
    i.prvProcessReceivedCommands             0x0800338c   Section        0  timers.o(i.prvProcessReceivedCommands)
    prvProcessReceivedCommands               0x0800338d   Thumb Code   248  timers.o(i.prvProcessReceivedCommands)
    i.prvProcessTimerOrBlockTask             0x08003488   Section        0  timers.o(i.prvProcessTimerOrBlockTask)
    prvProcessTimerOrBlockTask               0x08003489   Thumb Code   182  timers.o(i.prvProcessTimerOrBlockTask)
    i.prvResetNextTaskUnblockTime            0x08003548   Section        0  tasks.o(i.prvResetNextTaskUnblockTime)
    prvResetNextTaskUnblockTime              0x08003549   Thumb Code    26  tasks.o(i.prvResetNextTaskUnblockTime)
    i.prvSampleTimeNow                       0x08003568   Section        0  timers.o(i.prvSampleTimeNow)
    prvSampleTimeNow                         0x08003569   Thumb Code    36  timers.o(i.prvSampleTimeNow)
    i.prvSwitchTimerLists                    0x08003590   Section        0  timers.o(i.prvSwitchTimerLists)
    prvSwitchTimerLists                      0x08003591   Thumb Code   104  timers.o(i.prvSwitchTimerLists)
    i.prvTaskExitError                       0x080035fc   Section        0  port.o(i.prvTaskExitError)
    prvTaskExitError                         0x080035fd   Thumb Code    36  port.o(i.prvTaskExitError)
    i.prvTimerTask                           0x08003624   Section        0  timers.o(i.prvTimerTask)
    prvTimerTask                             0x08003625   Thumb Code    32  timers.o(i.prvTimerTask)
    i.prvUnlockQueue                         0x08003648   Section        0  queue.o(i.prvUnlockQueue)
    prvUnlockQueue                           0x08003649   Thumb Code   106  queue.o(i.prvUnlockQueue)
    i.pvPortMalloc                           0x080036b4   Section        0  heap_4.o(i.pvPortMalloc)
    i.pvTimerGetTimerID                      0x0800378c   Section        0  timers.o(i.pvTimerGetTimerID)
    i.pxPortInitialiseStack                  0x080037b0   Section        0  port.o(i.pxPortInitialiseStack)
    i.uxListRemove                           0x080037dc   Section        0  list.o(i.uxListRemove)
    i.vApplicationGetIdleTaskMemory          0x08003804   Section        0  cmsis_os2.o(i.vApplicationGetIdleTaskMemory)
    i.vApplicationGetTimerTaskMemory         0x08003818   Section        0  cmsis_os2.o(i.vApplicationGetTimerTaskMemory)
    i.vListInitialise                        0x08003830   Section        0  list.o(i.vListInitialise)
    i.vListInitialiseItem                    0x08003846   Section        0  list.o(i.vListInitialiseItem)
    i.vListInsert                            0x0800384c   Section        0  list.o(i.vListInsert)
    i.vListInsertEnd                         0x0800387c   Section        0  list.o(i.vListInsertEnd)
    i.vPortEnterCritical                     0x08003894   Section        0  port.o(i.vPortEnterCritical)
    i.vPortExitCritical                      0x080038d4   Section        0  port.o(i.vPortExitCritical)
    i.vPortFree                              0x080038fc   Section        0  heap_4.o(i.vPortFree)
    i.vPortSetupTimerInterrupt               0x08003958   Section        0  port.o(i.vPortSetupTimerInterrupt)
    i.vPortValidateInterruptPriority         0x0800397c   Section        0  port.o(i.vPortValidateInterruptPriority)
    i.vQueueAddToRegistry                    0x080039d0   Section        0  queue.o(i.vQueueAddToRegistry)
    i.vQueueWaitForMessageRestricted         0x080039f8   Section        0  queue.o(i.vQueueWaitForMessageRestricted)
    i.vTaskDelay                             0x08003a3c   Section        0  tasks.o(i.vTaskDelay)
    i.vTaskDelayUntil                        0x08003a88   Section        0  tasks.o(i.vTaskDelayUntil)
    i.vTaskDelete                            0x08003b14   Section        0  tasks.o(i.vTaskDelete)
    i.vTaskInternalSetTimeOutState           0x08003ba4   Section        0  tasks.o(i.vTaskInternalSetTimeOutState)
    i.vTaskMissedYield                       0x08003bb4   Section        0  tasks.o(i.vTaskMissedYield)
    i.vTaskPlaceOnEventList                  0x08003bc0   Section        0  tasks.o(i.vTaskPlaceOnEventList)
    i.vTaskPlaceOnEventListRestricted        0x08003bf0   Section        0  tasks.o(i.vTaskPlaceOnEventListRestricted)
    i.vTaskStartScheduler                    0x08003c28   Section        0  tasks.o(i.vTaskStartScheduler)
    i.vTaskSuspendAll                        0x08003cb0   Section        0  tasks.o(i.vTaskSuspendAll)
    i.vTaskSwitchContext                     0x08003cc0   Section        0  tasks.o(i.vTaskSwitchContext)
    i.xPortStartScheduler                    0x08003d24   Section        0  port.o(i.xPortStartScheduler)
    i.xQueueGenericCreate                    0x08003e18   Section        0  queue.o(i.xQueueGenericCreate)
    i.xQueueGenericCreateStatic              0x08003e60   Section        0  queue.o(i.xQueueGenericCreateStatic)
    i.xQueueGenericReset                     0x08003ec8   Section        0  queue.o(i.xQueueGenericReset)
    i.xQueueGenericSend                      0x08003f50   Section        0  queue.o(i.xQueueGenericSend)
    i.xQueueGenericSendFromISR               0x080040b0   Section        0  queue.o(i.xQueueGenericSendFromISR)
    i.xQueueReceive                          0x0800416c   Section        0  queue.o(i.xQueueReceive)
    i.xTaskCheckForTimeOut                   0x080042a4   Section        0  tasks.o(i.xTaskCheckForTimeOut)
    i.xTaskCreate                            0x08004318   Section        0  tasks.o(i.xTaskCreate)
    i.xTaskCreateStatic                      0x08004372   Section        0  tasks.o(i.xTaskCreateStatic)
    i.xTaskGetSchedulerState                 0x080043c8   Section        0  tasks.o(i.xTaskGetSchedulerState)
    i.xTaskGetTickCount                      0x080043e4   Section        0  tasks.o(i.xTaskGetTickCount)
    i.xTaskIncrementTick                     0x080043f0   Section        0  tasks.o(i.xTaskIncrementTick)
    i.xTaskPriorityDisinherit                0x080044b8   Section        0  tasks.o(i.xTaskPriorityDisinherit)
    i.xTaskRemoveFromEventList               0x08004538   Section        0  tasks.o(i.xTaskRemoveFromEventList)
    i.xTaskResumeAll                         0x080045a8   Section        0  tasks.o(i.xTaskResumeAll)
    i.xTimerCreate                           0x0800466c   Section        0  timers.o(i.xTimerCreate)
    i.xTimerCreateStatic                     0x080046a0   Section        0  timers.o(i.xTimerCreateStatic)
    i.xTimerCreateTimerTask                  0x080046d0   Section        0  timers.o(i.xTimerCreateTimerTask)
    i.xTimerGenericCommand                   0x08004730   Section        0  timers.o(i.xTimerGenericCommand)
    .constdata                               0x08004798   Section       52  freertos.o(.constdata)
    .constdata                               0x080047cc   Section        8  stm32f4xx_hal_dma.o(.constdata)
    flagBitshiftOffset                       0x080047cc   Data           8  stm32f4xx_hal_dma.o(.constdata)
    .constdata                               0x080047d4   Section       16  system_stm32f4xx.o(.constdata)
    .constdata                               0x080047e4   Section        8  system_stm32f4xx.o(.constdata)
    .conststring                             0x080047ec   Section       25  freertos.o(.conststring)
    .data                                    0x20000000   Section        8  freertos.o(.data)
    .data                                    0x20000008   Section       12  stm32f4xx_hal.o(.data)
    .data                                    0x20000014   Section        4  system_stm32f4xx.o(.data)
    .data                                    0x20000018   Section       60  tasks.o(.data)
    pxDelayedTaskList                        0x2000001c   Data           4  tasks.o(.data)
    pxOverflowDelayedTaskList                0x20000020   Data           4  tasks.o(.data)
    uxDeletedTasksWaitingCleanUp             0x20000024   Data           4  tasks.o(.data)
    uxCurrentNumberOfTasks                   0x20000028   Data           4  tasks.o(.data)
    xTickCount                               0x2000002c   Data           4  tasks.o(.data)
    uxTopReadyPriority                       0x20000030   Data           4  tasks.o(.data)
    xSchedulerRunning                        0x20000034   Data           4  tasks.o(.data)
    uxPendedTicks                            0x20000038   Data           4  tasks.o(.data)
    xYieldPending                            0x2000003c   Data           4  tasks.o(.data)
    xNumOfOverflows                          0x20000040   Data           4  tasks.o(.data)
    uxTaskNumber                             0x20000044   Data           4  tasks.o(.data)
    xNextTaskUnblockTime                     0x20000048   Data           4  tasks.o(.data)
    xIdleTaskHandle                          0x2000004c   Data           4  tasks.o(.data)
    uxSchedulerSuspended                     0x20000050   Data           4  tasks.o(.data)
    .data                                    0x20000054   Section       20  timers.o(.data)
    pxCurrentTimerList                       0x20000054   Data           4  timers.o(.data)
    pxOverflowTimerList                      0x20000058   Data           4  timers.o(.data)
    xTimerQueue                              0x2000005c   Data           4  timers.o(.data)
    xTimerTaskHandle                         0x20000060   Data           4  timers.o(.data)
    xLastTime                                0x20000064   Data           4  timers.o(.data)
    .data                                    0x20000068   Section        4  cmsis_os2.o(.data)
    KernelState                              0x20000068   Data           4  cmsis_os2.o(.data)
    .data                                    0x2000006c   Section       24  heap_4.o(.data)
    pxEnd                                    0x2000006c   Data           4  heap_4.o(.data)
    xFreeBytesRemaining                      0x20000070   Data           4  heap_4.o(.data)
    xMinimumEverFreeBytesRemaining           0x20000074   Data           4  heap_4.o(.data)
    xBlockAllocatedBit                       0x20000078   Data           4  heap_4.o(.data)
    xStart                                   0x2000007c   Data           8  heap_4.o(.data)
    .data                                    0x20000084   Section       12  port.o(.data)
    ucMaxSysCallPriority                     0x20000084   Data           1  port.o(.data)
    uxCriticalNesting                        0x20000088   Data           4  port.o(.data)
    ulMaxPRIGROUPValue                       0x2000008c   Data           4  port.o(.data)
    .data                                    0x20000090   Section       12  bsp_adcdetect.o(.data)
    .data                                    0x2000009c   Section        4  bsp_usart.o(.data)
    .data                                    0x200000a0   Section        4  adc_collect.o(.data)
    .data                                    0x200000a4   Section        5  main_fsm.o(.data)
    sta_now                                  0x200000a4   Data           1  main_fsm.o(.data)
    fatal_detail                             0x200000a5   Data           1  main_fsm.o(.data)
    fsm_ctrl                                 0x200000a6   Data           1  main_fsm.o(.data)
    sta_next                                 0x200000a7   Data           1  main_fsm.o(.data)
    sta_previous                             0x200000a8   Data           1  main_fsm.o(.data)
    .data                                    0x200000aa   Section       68  supermario_music.o(.data)
    .data                                    0x200000f0   Section        4  usartinteract_task.o(.data)
    UsartInteractTaskHandle                  0x200000f0   Data           4  usartinteract_task.o(.data)
    .data                                    0x200000f4   Section        8  main_task.o(.data)
    MainTaskHandle                           0x200000f8   Data           4  main_task.o(.data)
    .bss                                     0x200000fc   Section      168  adc.o(.bss)
    .bss                                     0x200001a4   Section       12  iwdg.o(.bss)
    .bss                                     0x200001b0   Section       64  tim.o(.bss)
    .bss                                     0x200001f0   Section      160  usart.o(.bss)
    .bss                                     0x20000290   Section       64  stm32f4xx_hal_timebase_tim.o(.bss)
    .bss                                     0x200002d0   Section       64  queue.o(.bss)
    .bss                                     0x20000310   Section     1220  tasks.o(.bss)
    pxReadyTasksLists                        0x20000310   Data        1120  tasks.o(.bss)
    xDelayedTaskList1                        0x20000770   Data          20  tasks.o(.bss)
    xDelayedTaskList2                        0x20000784   Data          20  tasks.o(.bss)
    xPendingReadyList                        0x20000798   Data          20  tasks.o(.bss)
    xTasksWaitingTermination                 0x200007ac   Data          20  tasks.o(.bss)
    xSuspendedTaskList                       0x200007c0   Data          20  tasks.o(.bss)
    .bss                                     0x200007d4   Section      280  timers.o(.bss)
    xActiveTimerList1                        0x200007d4   Data          20  timers.o(.bss)
    xActiveTimerList2                        0x200007e8   Data          20  timers.o(.bss)
    xStaticTimerQueue                        0x200007fc   Data          80  timers.o(.bss)
    ucStaticTimerQueueStorage                0x2000084c   Data         160  timers.o(.bss)
    .bss                                     0x200008ec   Section     1720  cmsis_os2.o(.bss)
    Idle_TCB                                 0x200008ec   Data          92  cmsis_os2.o(.bss)
    Idle_Stack                               0x20000948   Data         512  cmsis_os2.o(.bss)
    Timer_TCB                                0x20000b48   Data          92  cmsis_os2.o(.bss)
    Timer_Stack                              0x20000ba4   Data        1024  cmsis_os2.o(.bss)
    .bss                                     0x20000fa4   Section    15360  heap_4.o(.bss)
    ucHeap                                   0x20000fa4   Data       15360  heap_4.o(.bss)
    .bss                                     0x20004ba4   Section       36  bsp_adcdetect.o(.bss)
    .bss                                     0x20004bc8   Section       36  bsp_usart.o(.bss)
    .bss                                     0x20004bec   Section       45  bsp_ws2812.o(.bss)
    Show_RESULT_LED                          0x20004bec   Data          45  bsp_ws2812.o(.bss)
    .bss                                     0x20004c1c   Section       28  button.o(.bss)
    .bss                                     0x20004c38   Section       18  usartinteract_task.o(.bss)
    STACK                                    0x20004c50   Section     1024  startup_stm32f407xx.o(STACK)

    Global Symbols

    Symbol Name                              Value     Ov Type        Size  Object(Section)

    BuildAttributes$$THM_ISAv4$E$P$D$K$B$S$7EM$VFPi3$EXTD16$VFPS$VFMA$PE$A:L22UL41UL21$X:L11$S22US41US21$IEEE1$IW$USESV6$~STKCKD$USESV7$~SHL$OSPACE$EBA8$MICROLIB$REQ8$PRES8$EABIv2 0x00000000   Number         0  anon$$obj.o ABSOLUTE
    __ARM_use_no_argv                        0x00000000   Number         0  main.o ABSOLUTE
    __cpp_initialize__aeabi_                  - Undefined Weak Reference
    __cxa_finalize                            - Undefined Weak Reference
    __decompress                              - Undefined Weak Reference
    _clock_init                               - Undefined Weak Reference
    _microlib_exit                            - Undefined Weak Reference
    __Vectors_Size                           0x00000188   Number         0  startup_stm32f407xx.o ABSOLUTE
    __Vectors                                0x08000000   Data           4  startup_stm32f407xx.o(RESET)
    __Vectors_End                            0x08000188   Data           0  startup_stm32f407xx.o(RESET)
    __main                                   0x08000189   Thumb Code     0  entry.o(.ARM.Collect$$$$00000000)
    _main_stk                                0x08000189   Thumb Code     0  entry2.o(.ARM.Collect$$$$00000001)
    _main_scatterload                        0x0800018d   Thumb Code     0  entry5.o(.ARM.Collect$$$$00000004)
    __main_after_scatterload                 0x08000191   Thumb Code     0  entry5.o(.ARM.Collect$$$$00000004)
    _main_clock                              0x08000191   Thumb Code     0  entry7b.o(.ARM.Collect$$$$00000008)
    _main_cpp_init                           0x08000191   Thumb Code     0  entry8b.o(.ARM.Collect$$$$0000000A)
    _main_init                               0x08000191   Thumb Code     0  entry9a.o(.ARM.Collect$$$$0000000B)
    __rt_final_cpp                           0x08000199   Thumb Code     0  entry10a.o(.ARM.Collect$$$$0000000D)
    __rt_final_exit                          0x08000199   Thumb Code     0  entry11a.o(.ARM.Collect$$$$0000000F)
    SVC_Handler                              0x0800019d   Thumb Code    28  port.o(.emb_text)
    __asm___6_port_c_39a90d8d__prvStartFirstTask 0x080001bd   Thumb Code    36  port.o(.emb_text)
    __asm___6_port_c_39a90d8d__prvEnableVFP  0x080001e5   Thumb Code    16  port.o(.emb_text)
    PendSV_Handler                           0x080001f9   Thumb Code    88  port.o(.emb_text)
    vPortGetIPSR                             0x08000255   Thumb Code     6  port.o(.emb_text)
    Reset_Handler                            0x0800025d   Thumb Code     8  startup_stm32f407xx.o(.text)
    ADC_IRQHandler                           0x08000277   Thumb Code     0  startup_stm32f407xx.o(.text)
    CAN1_RX0_IRQHandler                      0x08000277   Thumb Code     0  startup_stm32f407xx.o(.text)
    CAN1_RX1_IRQHandler                      0x08000277   Thumb Code     0  startup_stm32f407xx.o(.text)
    CAN1_SCE_IRQHandler                      0x08000277   Thumb Code     0  startup_stm32f407xx.o(.text)
    CAN1_TX_IRQHandler                       0x08000277   Thumb Code     0  startup_stm32f407xx.o(.text)
    CAN2_RX0_IRQHandler                      0x08000277   Thumb Code     0  startup_stm32f407xx.o(.text)
    CAN2_RX1_IRQHandler                      0x08000277   Thumb Code     0  startup_stm32f407xx.o(.text)
    CAN2_SCE_IRQHandler                      0x08000277   Thumb Code     0  startup_stm32f407xx.o(.text)
    CAN2_TX_IRQHandler                       0x08000277   Thumb Code     0  startup_stm32f407xx.o(.text)
    DCMI_IRQHandler                          0x08000277   Thumb Code     0  startup_stm32f407xx.o(.text)
    DMA1_Stream0_IRQHandler                  0x08000277   Thumb Code     0  startup_stm32f407xx.o(.text)
    DMA1_Stream2_IRQHandler                  0x08000277   Thumb Code     0  startup_stm32f407xx.o(.text)
    DMA1_Stream3_IRQHandler                  0x08000277   Thumb Code     0  startup_stm32f407xx.o(.text)
    DMA1_Stream4_IRQHandler                  0x08000277   Thumb Code     0  startup_stm32f407xx.o(.text)
    DMA1_Stream5_IRQHandler                  0x08000277   Thumb Code     0  startup_stm32f407xx.o(.text)
    DMA1_Stream6_IRQHandler                  0x08000277   Thumb Code     0  startup_stm32f407xx.o(.text)
    DMA1_Stream7_IRQHandler                  0x08000277   Thumb Code     0  startup_stm32f407xx.o(.text)
    DMA2_Stream1_IRQHandler                  0x08000277   Thumb Code     0  startup_stm32f407xx.o(.text)
    DMA2_Stream2_IRQHandler                  0x08000277   Thumb Code     0  startup_stm32f407xx.o(.text)
    DMA2_Stream3_IRQHandler                  0x08000277   Thumb Code     0  startup_stm32f407xx.o(.text)
    DMA2_Stream4_IRQHandler                  0x08000277   Thumb Code     0  startup_stm32f407xx.o(.text)
    DMA2_Stream5_IRQHandler                  0x08000277   Thumb Code     0  startup_stm32f407xx.o(.text)
    DMA2_Stream6_IRQHandler                  0x08000277   Thumb Code     0  startup_stm32f407xx.o(.text)
    DMA2_Stream7_IRQHandler                  0x08000277   Thumb Code     0  startup_stm32f407xx.o(.text)
    ETH_IRQHandler                           0x08000277   Thumb Code     0  startup_stm32f407xx.o(.text)
    ETH_WKUP_IRQHandler                      0x08000277   Thumb Code     0  startup_stm32f407xx.o(.text)
    EXTI0_IRQHandler                         0x08000277   Thumb Code     0  startup_stm32f407xx.o(.text)
    EXTI15_10_IRQHandler                     0x08000277   Thumb Code     0  startup_stm32f407xx.o(.text)
    EXTI1_IRQHandler                         0x08000277   Thumb Code     0  startup_stm32f407xx.o(.text)
    EXTI2_IRQHandler                         0x08000277   Thumb Code     0  startup_stm32f407xx.o(.text)
    EXTI3_IRQHandler                         0x08000277   Thumb Code     0  startup_stm32f407xx.o(.text)
    EXTI4_IRQHandler                         0x08000277   Thumb Code     0  startup_stm32f407xx.o(.text)
    EXTI9_5_IRQHandler                       0x08000277   Thumb Code     0  startup_stm32f407xx.o(.text)
    FLASH_IRQHandler                         0x08000277   Thumb Code     0  startup_stm32f407xx.o(.text)
    FMC_IRQHandler                           0x08000277   Thumb Code     0  startup_stm32f407xx.o(.text)
    FPU_IRQHandler                           0x08000277   Thumb Code     0  startup_stm32f407xx.o(.text)
    HASH_RNG_IRQHandler                      0x08000277   Thumb Code     0  startup_stm32f407xx.o(.text)
    I2C1_ER_IRQHandler                       0x08000277   Thumb Code     0  startup_stm32f407xx.o(.text)
    I2C1_EV_IRQHandler                       0x08000277   Thumb Code     0  startup_stm32f407xx.o(.text)
    I2C2_ER_IRQHandler                       0x08000277   Thumb Code     0  startup_stm32f407xx.o(.text)
    I2C2_EV_IRQHandler                       0x08000277   Thumb Code     0  startup_stm32f407xx.o(.text)
    I2C3_ER_IRQHandler                       0x08000277   Thumb Code     0  startup_stm32f407xx.o(.text)
    I2C3_EV_IRQHandler                       0x08000277   Thumb Code     0  startup_stm32f407xx.o(.text)
    OTG_FS_IRQHandler                        0x08000277   Thumb Code     0  startup_stm32f407xx.o(.text)
    OTG_FS_WKUP_IRQHandler                   0x08000277   Thumb Code     0  startup_stm32f407xx.o(.text)
    OTG_HS_EP1_IN_IRQHandler                 0x08000277   Thumb Code     0  startup_stm32f407xx.o(.text)
    OTG_HS_EP1_OUT_IRQHandler                0x08000277   Thumb Code     0  startup_stm32f407xx.o(.text)
    OTG_HS_IRQHandler                        0x08000277   Thumb Code     0  startup_stm32f407xx.o(.text)
    OTG_HS_WKUP_IRQHandler                   0x08000277   Thumb Code     0  startup_stm32f407xx.o(.text)
    PVD_IRQHandler                           0x08000277   Thumb Code     0  startup_stm32f407xx.o(.text)
    RCC_IRQHandler                           0x08000277   Thumb Code     0  startup_stm32f407xx.o(.text)
    RTC_Alarm_IRQHandler                     0x08000277   Thumb Code     0  startup_stm32f407xx.o(.text)
    RTC_WKUP_IRQHandler                      0x08000277   Thumb Code     0  startup_stm32f407xx.o(.text)
    SDIO_IRQHandler                          0x08000277   Thumb Code     0  startup_stm32f407xx.o(.text)
    SPI1_IRQHandler                          0x08000277   Thumb Code     0  startup_stm32f407xx.o(.text)
    SPI2_IRQHandler                          0x08000277   Thumb Code     0  startup_stm32f407xx.o(.text)
    SPI3_IRQHandler                          0x08000277   Thumb Code     0  startup_stm32f407xx.o(.text)
    TAMP_STAMP_IRQHandler                    0x08000277   Thumb Code     0  startup_stm32f407xx.o(.text)
    TIM1_BRK_TIM9_IRQHandler                 0x08000277   Thumb Code     0  startup_stm32f407xx.o(.text)
    TIM1_CC_IRQHandler                       0x08000277   Thumb Code     0  startup_stm32f407xx.o(.text)
    TIM1_TRG_COM_TIM11_IRQHandler            0x08000277   Thumb Code     0  startup_stm32f407xx.o(.text)
    TIM1_UP_TIM10_IRQHandler                 0x08000277   Thumb Code     0  startup_stm32f407xx.o(.text)
    TIM2_IRQHandler                          0x08000277   Thumb Code     0  startup_stm32f407xx.o(.text)
    TIM4_IRQHandler                          0x08000277   Thumb Code     0  startup_stm32f407xx.o(.text)
    TIM5_IRQHandler                          0x08000277   Thumb Code     0  startup_stm32f407xx.o(.text)
    TIM6_DAC_IRQHandler                      0x08000277   Thumb Code     0  startup_stm32f407xx.o(.text)
    TIM7_IRQHandler                          0x08000277   Thumb Code     0  startup_stm32f407xx.o(.text)
    TIM8_BRK_TIM12_IRQHandler                0x08000277   Thumb Code     0  startup_stm32f407xx.o(.text)
    TIM8_CC_IRQHandler                       0x08000277   Thumb Code     0  startup_stm32f407xx.o(.text)
    TIM8_TRG_COM_TIM14_IRQHandler            0x08000277   Thumb Code     0  startup_stm32f407xx.o(.text)
    TIM8_UP_TIM13_IRQHandler                 0x08000277   Thumb Code     0  startup_stm32f407xx.o(.text)
    UART4_IRQHandler                         0x08000277   Thumb Code     0  startup_stm32f407xx.o(.text)
    UART5_IRQHandler                         0x08000277   Thumb Code     0  startup_stm32f407xx.o(.text)
    USART1_IRQHandler                        0x08000277   Thumb Code     0  startup_stm32f407xx.o(.text)
    USART2_IRQHandler                        0x08000277   Thumb Code     0  startup_stm32f407xx.o(.text)
    USART6_IRQHandler                        0x08000277   Thumb Code     0  startup_stm32f407xx.o(.text)
    WWDG_IRQHandler                          0x08000277   Thumb Code     0  startup_stm32f407xx.o(.text)
    __aeabi_uldivmod                         0x08000281   Thumb Code    98  uldiv.o(.text)
    __aeabi_memcpy                           0x080002e3   Thumb Code    36  memcpya.o(.text)
    __aeabi_memcpy4                          0x080002e3   Thumb Code     0  memcpya.o(.text)
    __aeabi_memcpy8                          0x080002e3   Thumb Code     0  memcpya.o(.text)
    __aeabi_memset                           0x08000307   Thumb Code    14  memseta.o(.text)
    __aeabi_memset4                          0x08000307   Thumb Code     0  memseta.o(.text)
    __aeabi_memset8                          0x08000307   Thumb Code     0  memseta.o(.text)
    __aeabi_memclr                           0x08000315   Thumb Code     4  memseta.o(.text)
    __aeabi_memclr4                          0x08000315   Thumb Code     0  memseta.o(.text)
    __aeabi_memclr8                          0x08000315   Thumb Code     0  memseta.o(.text)
    memset                                   0x08000319   Thumb Code    18  memseta.o(.text)
    __aeabi_llsl                             0x0800032b   Thumb Code    30  llshl.o(.text)
    _ll_shift_l                              0x0800032b   Thumb Code     0  llshl.o(.text)
    __aeabi_llsr                             0x08000349   Thumb Code    32  llushr.o(.text)
    _ll_ushift_r                             0x08000349   Thumb Code     0  llushr.o(.text)
    __scatterload                            0x08000369   Thumb Code    28  init.o(.text)
    __scatterload_rt2                        0x08000369   Thumb Code     0  init.o(.text)
    ADC_CHANNEL_Result                       0x0800038d   Thumb Code    22  adc_collect.o(i.ADC_CHANNEL_Result)
    ADC_Detect                               0x08000439   Thumb Code   140  adc_collect.o(i.ADC_Detect)
    ADC_Reset                                0x080005f9   Thumb Code    24  adc_collect.o(i.ADC_Reset)
    BusFault_Handler                         0x08000611   Thumb Code     2  stm32f4xx_it.o(i.BusFault_Handler)
    Button_FIFO_Get                          0x080006c1   Thumb Code    32  button.o(i.Button_FIFO_Get)
    Button_FIFO_Put                          0x080006e5   Thumb Code    24  button.o(i.Button_FIFO_Put)
    Button_Init                              0x08000701   Thumb Code    30  button.o(i.Button_Init)
    Button_Scan                              0x08000729   Thumb Code     6  button.o(i.Button_Scan)
    DMA1_Stream1_IRQHandler                  0x08000731   Thumb Code     6  stm32f4xx_it.o(i.DMA1_Stream1_IRQHandler)
    DMA2_Stream0_IRQHandler                  0x0800073d   Thumb Code     6  stm32f4xx_it.o(i.DMA2_Stream0_IRQHandler)
    DebugMon_Handler                         0x080007ed   Thumb Code     2  stm32f4xx_it.o(i.DebugMon_Handler)
    Detect_Timer_Callback                    0x080007ef   Thumb Code     4  detect_timer.o(i.Detect_Timer_Callback)
    Detect_Timer_Init                        0x080007f5   Thumb Code    10  detect_timer.o(i.Detect_Timer_Init)
    Error_Handler                            0x08000805   Thumb Code     2  main.o(i.Error_Handler)
    FeedIndependentWDOG                      0x08000809   Thumb Code     6  watchdog.o(i.FeedIndependentWDOG)
    Get_WhichChannel_Voltage                 0x08000815   Thumb Code    12  bsp_adcdetect.o(i.Get_WhichChannel_Voltage)
    Get_systime_ms                           0x08000825   Thumb Code     4  systime.o(i.Get_systime_ms)
    HAL_ADC_ConfigChannel                    0x08000829   Thumb Code   316  stm32f4xx_hal_adc.o(i.HAL_ADC_ConfigChannel)
    HAL_ADC_ConvCpltCallback                 0x08000975   Thumb Code     2  stm32f4xx_hal_adc.o(i.HAL_ADC_ConvCpltCallback)
    HAL_ADC_ConvHalfCpltCallback             0x08000977   Thumb Code     2  stm32f4xx_hal_adc.o(i.HAL_ADC_ConvHalfCpltCallback)
    HAL_ADC_ErrorCallback                    0x08000979   Thumb Code     2  stm32f4xx_hal_adc.o(i.HAL_ADC_ErrorCallback)
    HAL_ADC_Init                             0x0800097b   Thumb Code    84  stm32f4xx_hal_adc.o(i.HAL_ADC_Init)
    HAL_ADC_MspInit                          0x080009d1   Thumb Code   132  adc.o(i.HAL_ADC_MspInit)
    HAL_ADC_Start_DMA                        0x08000a69   Thumb Code   268  stm32f4xx_hal_adc.o(i.HAL_ADC_Start_DMA)
    HAL_ADC_Stop_DMA                         0x08000b99   Thumb Code    88  stm32f4xx_hal_adc.o(i.HAL_ADC_Stop_DMA)
    HAL_DMA_Abort                            0x08000bf1   Thumb Code   142  stm32f4xx_hal_dma.o(i.HAL_DMA_Abort)
    HAL_DMA_IRQHandler                       0x08000c81   Thumb Code   412  stm32f4xx_hal_dma.o(i.HAL_DMA_IRQHandler)
    HAL_DMA_Init                             0x08000e21   Thumb Code   206  stm32f4xx_hal_dma.o(i.HAL_DMA_Init)
    HAL_DMA_Start                            0x08000ef5   Thumb Code    70  stm32f4xx_hal_dma.o(i.HAL_DMA_Start)
    HAL_DMA_Start_IT                         0x08000f3b   Thumb Code   110  stm32f4xx_hal_dma.o(i.HAL_DMA_Start_IT)
    HAL_GPIO_Init                            0x08000fa9   Thumb Code   394  stm32f4xx_hal_gpio.o(i.HAL_GPIO_Init)
    HAL_GPIO_ReadPin                         0x08001161   Thumb Code    10  stm32f4xx_hal_gpio.o(i.HAL_GPIO_ReadPin)
    HAL_GPIO_WritePin                        0x0800116b   Thumb Code    10  stm32f4xx_hal_gpio.o(i.HAL_GPIO_WritePin)
    HAL_GetTick                              0x08001175   Thumb Code     6  stm32f4xx_hal.o(i.HAL_GetTick)
    HAL_IWDG_Init                            0x08001181   Thumb Code    82  stm32f4xx_hal_iwdg.o(i.HAL_IWDG_Init)
    HAL_IWDG_Refresh                         0x080011d3   Thumb Code    12  stm32f4xx_hal_iwdg.o(i.HAL_IWDG_Refresh)
    HAL_IncTick                              0x080011e1   Thumb Code    12  stm32f4xx_hal.o(i.HAL_IncTick)
    HAL_Init                                 0x080011f1   Thumb Code    48  stm32f4xx_hal.o(i.HAL_Init)
    HAL_InitTick                             0x08001225   Thumb Code   100  stm32f4xx_hal_timebase_tim.o(i.HAL_InitTick)
    HAL_MspInit                              0x08001299   Thumb Code    52  stm32f4xx_hal_msp.o(i.HAL_MspInit)
    HAL_NVIC_EnableIRQ                       0x080012d1   Thumb Code    26  stm32f4xx_hal_cortex.o(i.HAL_NVIC_EnableIRQ)
    HAL_NVIC_SetPriority                     0x080012ed   Thumb Code    60  stm32f4xx_hal_cortex.o(i.HAL_NVIC_SetPriority)
    HAL_NVIC_SetPriorityGrouping             0x0800132d   Thumb Code    26  stm32f4xx_hal_cortex.o(i.HAL_NVIC_SetPriorityGrouping)
    HAL_RCC_ClockConfig                      0x08001351   Thumb Code   288  stm32f4xx_hal_rcc.o(i.HAL_RCC_ClockConfig)
    HAL_RCC_GetClockConfig                   0x08001485   Thumb Code    54  stm32f4xx_hal_rcc.o(i.HAL_RCC_GetClockConfig)
    HAL_RCC_GetPCLK1Freq                     0x080014c5   Thumb Code    20  stm32f4xx_hal_rcc.o(i.HAL_RCC_GetPCLK1Freq)
    HAL_RCC_GetPCLK2Freq                     0x080014e5   Thumb Code    20  stm32f4xx_hal_rcc.o(i.HAL_RCC_GetPCLK2Freq)
    HAL_RCC_GetSysClockFreq                  0x08001505   Thumb Code    88  stm32f4xx_hal_rcc.o(i.HAL_RCC_GetSysClockFreq)
    HAL_RCC_OscConfig                        0x08001569   Thumb Code   840  stm32f4xx_hal_rcc.o(i.HAL_RCC_OscConfig)
    HAL_TIMEx_BreakCallback                  0x080018c5   Thumb Code     2  stm32f4xx_hal_tim_ex.o(i.HAL_TIMEx_BreakCallback)
    HAL_TIMEx_CommutCallback                 0x080018c7   Thumb Code     2  stm32f4xx_hal_tim_ex.o(i.HAL_TIMEx_CommutCallback)
    HAL_TIM_Base_Init                        0x080018c9   Thumb Code    54  stm32f4xx_hal_tim.o(i.HAL_TIM_Base_Init)
    HAL_TIM_Base_MspInit                     0x08001901   Thumb Code    30  tim.o(i.HAL_TIM_Base_MspInit)
    HAL_TIM_Base_Start_IT                    0x08001929   Thumb Code    34  stm32f4xx_hal_tim.o(i.HAL_TIM_Base_Start_IT)
    HAL_TIM_IC_CaptureCallback               0x0800194b   Thumb Code     2  stm32f4xx_hal_tim.o(i.HAL_TIM_IC_CaptureCallback)
    HAL_TIM_IRQHandler                       0x0800194d   Thumb Code   358  stm32f4xx_hal_tim.o(i.HAL_TIM_IRQHandler)
    HAL_TIM_MspPostInit                      0x08001ab5   Thumb Code    72  tim.o(i.HAL_TIM_MspPostInit)
    HAL_TIM_OC_DelayElapsedCallback          0x08001b09   Thumb Code     2  stm32f4xx_hal_tim.o(i.HAL_TIM_OC_DelayElapsedCallback)
    HAL_TIM_PWM_ConfigChannel                0x08001b0b   Thumb Code   208  stm32f4xx_hal_tim.o(i.HAL_TIM_PWM_ConfigChannel)
    HAL_TIM_PWM_Init                         0x08001bdb   Thumb Code    54  stm32f4xx_hal_tim.o(i.HAL_TIM_PWM_Init)
    HAL_TIM_PWM_MspInit                      0x08001c11   Thumb Code     2  stm32f4xx_hal_tim.o(i.HAL_TIM_PWM_MspInit)
    HAL_TIM_PWM_PulseFinishedCallback        0x08001c13   Thumb Code     2  stm32f4xx_hal_tim.o(i.HAL_TIM_PWM_PulseFinishedCallback)
    HAL_TIM_PWM_Start                        0x08001c15   Thumb Code    58  stm32f4xx_hal_tim.o(i.HAL_TIM_PWM_Start)
    HAL_TIM_PWM_Stop                         0x08001c59   Thumb Code    84  stm32f4xx_hal_tim.o(i.HAL_TIM_PWM_Stop)
    HAL_TIM_PeriodElapsedCallback            0x08001cb5   Thumb Code    14  main.o(i.HAL_TIM_PeriodElapsedCallback)
    HAL_TIM_TriggerCallback                  0x08001cc9   Thumb Code     2  stm32f4xx_hal_tim.o(i.HAL_TIM_TriggerCallback)
    HAL_UART_Init                            0x08001ccb   Thumb Code    98  stm32f4xx_hal_uart.o(i.HAL_UART_Init)
    HAL_UART_MspInit                         0x08001d2d   Thumb Code   158  usart.o(i.HAL_UART_MspInit)
    HAL_UART_Transmit                        0x08001de1   Thumb Code   186  stm32f4xx_hal_uart.o(i.HAL_UART_Transmit)
    HardFault_Handler                        0x08001e9b   Thumb Code     2  stm32f4xx_it.o(i.HardFault_Handler)
    Init_taskFunction                        0x08001e9d   Thumb Code    56  init_task.o(i.Init_taskFunction)
    MX_ADC1_Init                             0x08001f15   Thumb Code   154  adc.o(i.MX_ADC1_Init)
    MX_DMA_Init                              0x08001fbd   Thumb Code    72  dma.o(i.MX_DMA_Init)
    MX_FREERTOS_Init                         0x08002009   Thumb Code    34  freertos.o(i.MX_FREERTOS_Init)
    MX_GPIO_Init                             0x0800203d   Thumb Code   178  gpio.o(i.MX_GPIO_Init)
    MX_IWDG_Init                             0x080020fd   Thumb Code    36  iwdg.o(i.MX_IWDG_Init)
    MX_TIM10_Init                            0x08002129   Thumb Code    98  tim.o(i.MX_TIM10_Init)
    MX_USART3_UART_Init                      0x08002195   Thumb Code    48  usart.o(i.MX_USART3_UART_Init)
    Main_Task                                0x080021cd   Thumb Code    44  main_task.o(i.Main_Task)
    Main_TaskCreate                          0x080021fd   Thumb Code    24  main_task.o(i.Main_TaskCreate)
    MemManage_Handler                        0x08002229   Thumb Code     2  stm32f4xx_it.o(i.MemManage_Handler)
    NMI_Handler                              0x0800222b   Thumb Code     2  stm32f4xx_it.o(i.NMI_Handler)
    SuperMario_InitMusic                     0x08002295   Thumb Code    78  supermario_music.o(i.SuperMario_InitMusic)
    SysTick_Handler                          0x080022f1   Thumb Code    38  port.o(i.SysTick_Handler)
    SystemClock_Config                       0x0800231d   Thumb Code   128  main.o(i.SystemClock_Config)
    SystemInit                               0x080023a5   Thumb Code    22  system_stm32f4xx.o(i.SystemInit)
    TIM3_IRQHandler                          0x080023c1   Thumb Code     6  stm32f4xx_it.o(i.TIM3_IRQHandler)
    TIM_Base_SetConfig                       0x080023cd   Thumb Code   156  stm32f4xx_hal_tim.o(i.TIM_Base_SetConfig)
    TIM_CCxChannelCmd                        0x08002495   Thumb Code    26  stm32f4xx_hal_tim.o(i.TIM_CCxChannelCmd)
    TIM_OC2_SetConfig                        0x08002511   Thumb Code    98  stm32f4xx_hal_tim.o(i.TIM_OC2_SetConfig)
    USART3_DMA_Init                          0x08002859   Thumb Code    64  bsp_usart.o(i.USART3_DMA_Init)
    USART3_IRQHandler                        0x080028a1   Thumb Code    10  stm32f4xx_it.o(i.USART3_IRQHandler)
    USART3_Receive_Handler                   0x080028b1   Thumb Code    26  bsp_usart.o(i.USART3_Receive_Handler)
    UsageFault_Handler                       0x08002951   Thumb Code     2  stm32f4xx_it.o(i.UsageFault_Handler)
    UsartInteractTask                        0x08002955   Thumb Code    46  usartinteract_task.o(i.UsartInteractTask)
    UsartInteract_TaskCreate                 0x080029a1   Thumb Code    24  usartinteract_task.o(i.UsartInteract_TaskCreate)
    WS2812_CheckSelf                         0x080029d1   Thumb Code    60  light_show.o(i.WS2812_CheckSelf)
    WS2812_Detect                            0x08002a0d   Thumb Code    22  light_show.o(i.WS2812_Detect)
    WS2812_LIGHTOFF                          0x08002a23   Thumb Code     4  light_show.o(i.WS2812_LIGHTOFF)
    WS2812_SHOW                              0x08002a27   Thumb Code     4  light_show.o(i.WS2812_SHOW)
    __scatterload_copy                       0x08002a4b   Thumb Code    14  handlers.o(i.__scatterload_copy)
    __scatterload_null                       0x08002a59   Thumb Code     2  handlers.o(i.__scatterload_null)
    __scatterload_zeroinit                   0x08002a5b   Thumb Code    14  handlers.o(i.__scatterload_zeroinit)
    bsp_ADC_Reset                            0x08002a69   Thumb Code    24  bsp_adcdetect.o(i.bsp_ADC_Reset)
    bsp_ADC_Update                           0x08002a89   Thumb Code    70  bsp_adcdetect.o(i.bsp_ADC_Update)
    bsp_WS2812_Init                          0x08002add   Thumb Code    44  bsp_ws2812.o(i.bsp_WS2812_Init)
    bsp_WS2812_LED_Off                       0x08002b0d   Thumb Code    28  bsp_ws2812.o(i.bsp_WS2812_LED_Off)
    bsp_WS2812_LED_Write                     0x08002b29   Thumb Code    22  bsp_ws2812.o(i.bsp_WS2812_LED_Write)
    bsp_WS2812_Show                          0x08002b45   Thumb Code    34  bsp_ws2812.o(i.bsp_WS2812_Show)
    bsp_WS2812_SyncAll                       0x08002b6d   Thumb Code    32  bsp_ws2812.o(i.bsp_WS2812_SyncAll)
    bsp_WS2812_WriteAll                      0x08002b91   Thumb Code    30  bsp_ws2812.o(i.bsp_WS2812_WriteAll)
    main                                     0x08002c29   Thumb Code    56  main.o(i.main)
    mainfsm                                  0x08002c65   Thumb Code    50  main_fsm.o(i.mainfsm)
    mainfsm_get_sta                          0x08002c9d   Thumb Code     6  main_fsm.o(i.mainfsm_get_sta)
    mainfsm_switch                           0x08002ca9   Thumb Code    10  main_fsm.o(i.mainfsm_switch)
    osDelay                                  0x08002cb9   Thumb Code    46  cmsis_os2.o(i.osDelay)
    osKernelInitialize                       0x08002ced   Thumb Code    48  cmsis_os2.o(i.osKernelInitialize)
    osKernelStart                            0x08002d21   Thumb Code    56  cmsis_os2.o(i.osKernelStart)
    osThreadNew                              0x08002d5d   Thumb Code   158  cmsis_os2.o(i.osThreadNew)
    osTimerNew                               0x08002e01   Thumb Code   124  cmsis_os2.o(i.osTimerNew)
    osTimerStart                             0x08002e85   Thumb Code    70  cmsis_os2.o(i.osTimerStart)
    pvPortMalloc                             0x080036b5   Thumb Code   210  heap_4.o(i.pvPortMalloc)
    pvTimerGetTimerID                        0x0800378d   Thumb Code    36  timers.o(i.pvTimerGetTimerID)
    pxPortInitialiseStack                    0x080037b1   Thumb Code    40  port.o(i.pxPortInitialiseStack)
    uxListRemove                             0x080037dd   Thumb Code    38  list.o(i.uxListRemove)
    vApplicationGetIdleTaskMemory            0x08003805   Thumb Code    16  cmsis_os2.o(i.vApplicationGetIdleTaskMemory)
    vApplicationGetTimerTaskMemory           0x08003819   Thumb Code    18  cmsis_os2.o(i.vApplicationGetTimerTaskMemory)
    vListInitialise                          0x08003831   Thumb Code    22  list.o(i.vListInitialise)
    vListInitialiseItem                      0x08003847   Thumb Code     6  list.o(i.vListInitialiseItem)
    vListInsert                              0x0800384d   Thumb Code    48  list.o(i.vListInsert)
    vListInsertEnd                           0x0800387d   Thumb Code    24  list.o(i.vListInsertEnd)
    vPortEnterCritical                       0x08003895   Thumb Code    54  port.o(i.vPortEnterCritical)
    vPortExitCritical                        0x080038d5   Thumb Code    34  port.o(i.vPortExitCritical)
    vPortFree                                0x080038fd   Thumb Code    88  heap_4.o(i.vPortFree)
    vPortSetupTimerInterrupt                 0x08003959   Thumb Code    32  port.o(i.vPortSetupTimerInterrupt)
    vPortValidateInterruptPriority           0x0800397d   Thumb Code    74  port.o(i.vPortValidateInterruptPriority)
    vQueueAddToRegistry                      0x080039d1   Thumb Code    34  queue.o(i.vQueueAddToRegistry)
    vQueueWaitForMessageRestricted           0x080039f9   Thumb Code    68  queue.o(i.vQueueWaitForMessageRestricted)
    vTaskDelay                               0x08003a3d   Thumb Code    66  tasks.o(i.vTaskDelay)
    vTaskDelayUntil                          0x08003a89   Thumb Code   132  tasks.o(i.vTaskDelayUntil)
    vTaskDelete                              0x08003b15   Thumb Code   130  tasks.o(i.vTaskDelete)
    vTaskInternalSetTimeOutState             0x08003ba5   Thumb Code    12  tasks.o(i.vTaskInternalSetTimeOutState)
    vTaskMissedYield                         0x08003bb5   Thumb Code     8  tasks.o(i.vTaskMissedYield)
    vTaskPlaceOnEventList                    0x08003bc1   Thumb Code    44  tasks.o(i.vTaskPlaceOnEventList)
    vTaskPlaceOnEventListRestricted          0x08003bf1   Thumb Code    52  tasks.o(i.vTaskPlaceOnEventListRestricted)
    vTaskStartScheduler                      0x08003c29   Thumb Code   118  tasks.o(i.vTaskStartScheduler)
    vTaskSuspendAll                          0x08003cb1   Thumb Code    10  tasks.o(i.vTaskSuspendAll)
    vTaskSwitchContext                       0x08003cc1   Thumb Code    90  tasks.o(i.vTaskSwitchContext)
    xPortStartScheduler                      0x08003d25   Thumb Code   222  port.o(i.xPortStartScheduler)
    xQueueGenericCreate                      0x08003e19   Thumb Code    72  queue.o(i.xQueueGenericCreate)
    xQueueGenericCreateStatic                0x08003e61   Thumb Code   102  queue.o(i.xQueueGenericCreateStatic)
    xQueueGenericReset                       0x08003ec9   Thumb Code   132  queue.o(i.xQueueGenericReset)
    xQueueGenericSend                        0x08003f51   Thumb Code   346  queue.o(i.xQueueGenericSend)
    xQueueGenericSendFromISR                 0x080040b1   Thumb Code   188  queue.o(i.xQueueGenericSendFromISR)
    xQueueReceive                            0x0800416d   Thumb Code   308  queue.o(i.xQueueReceive)
    xTaskCheckForTimeOut                     0x080042a5   Thumb Code   112  tasks.o(i.xTaskCheckForTimeOut)
    xTaskCreate                              0x08004319   Thumb Code    90  tasks.o(i.xTaskCreate)
    xTaskCreateStatic                        0x08004373   Thumb Code    86  tasks.o(i.xTaskCreateStatic)
    xTaskGetSchedulerState                   0x080043c9   Thumb Code    22  tasks.o(i.xTaskGetSchedulerState)
    xTaskGetTickCount                        0x080043e5   Thumb Code     6  tasks.o(i.xTaskGetTickCount)
    xTaskIncrementTick                       0x080043f1   Thumb Code   190  tasks.o(i.xTaskIncrementTick)
    xTaskPriorityDisinherit                  0x080044b9   Thumb Code   118  tasks.o(i.xTaskPriorityDisinherit)
    xTaskRemoveFromEventList                 0x08004539   Thumb Code    98  tasks.o(i.xTaskRemoveFromEventList)
    xTaskResumeAll                           0x080045a9   Thumb Code   182  tasks.o(i.xTaskResumeAll)
    xTimerCreate                             0x0800466d   Thumb Code    52  timers.o(i.xTimerCreate)
    xTimerCreateStatic                       0x080046a1   Thumb Code    46  timers.o(i.xTimerCreateStatic)
    xTimerCreateTimerTask                    0x080046d1   Thumb Code    78  timers.o(i.xTimerCreateTimerTask)
    xTimerGenericCommand                     0x08004731   Thumb Code    98  timers.o(i.xTimerGenericCommand)
    Init_Task_attributes                     0x08004798   Data          36  freertos.o(.constdata)
    Detect_Timer_attributes                  0x080047bc   Data          16  freertos.o(.constdata)
    AHBPrescTable                            0x080047d4   Data          16  system_stm32f4xx.o(.constdata)
    APBPrescTable                            0x080047e4   Data           8  system_stm32f4xx.o(.constdata)
    Region$$Table$$Base                      0x08004808   Number         0  anon$$obj.o(Region$$Table)
    Region$$Table$$Limit                     0x08004828   Number         0  anon$$obj.o(Region$$Table)
    Init_TaskHandle                          0x20000000   Data           4  freertos.o(.data)
    Detect_TimerHandle                       0x20000004   Data           4  freertos.o(.data)
    uwTickFreq                               0x20000008   Data           1  stm32f4xx_hal.o(.data)
    uwTickPrio                               0x2000000c   Data           4  stm32f4xx_hal.o(.data)
    uwTick                                   0x20000010   Data           4  stm32f4xx_hal.o(.data)
    SystemCoreClock                          0x20000014   Data           4  system_stm32f4xx.o(.data)
    pxCurrentTCB                             0x20000018   Data           4  tasks.o(.data)
    ADC_Module_Complete                      0x20000090   Data           4  bsp_adcdetect.o(.data)
    ADC_Select                               0x20000094   Data           8  bsp_adcdetect.o(.data)
    Queue_Receive                            0x2000009c   Data           4  bsp_usart.o(.data)
    ADC_COLLECT                              0x200000a0   Data           4  adc_collect.o(.data)
    SuperMario                               0x200000aa   Data          68  supermario_music.o(.data)
    sta                                      0x200000f4   Data           1  main_task.o(.data)
    hadc1                                    0x200000fc   Data          72  adc.o(.bss)
    hdma_adc1                                0x20000144   Data          96  adc.o(.bss)
    hiwdg                                    0x200001a4   Data          12  iwdg.o(.bss)
    htim10                                   0x200001b0   Data          64  tim.o(.bss)
    huart3                                   0x200001f0   Data          64  usart.o(.bss)
    hdma_usart3_rx                           0x20000230   Data          96  usart.o(.bss)
    htim3                                    0x20000290   Data          64  stm32f4xx_hal_timebase_tim.o(.bss)
    xQueueRegistry                           0x200002d0   Data          64  queue.o(.bss)
    ADC_CHANNEL                              0x20004ba4   Data          20  bsp_adcdetect.o(.bss)
    Cur_Value                                0x20004bb8   Data          16  bsp_adcdetect.o(.bss)
    INTERACT_BUFF                            0x20004bc8   Data          18  bsp_usart.o(.bss)
    sdata                                    0x20004bda   Data          18  bsp_usart.o(.bss)
    Button_Msg                               0x20004c1c   Data          16  button.o(.bss)
    Button_FIFO                              0x20004c2c   Data          12  button.o(.bss)
    data                                     0x20004c38   Data          18  usartinteract_task.o(.bss)
    __initial_sp                             0x20005050   Data           0  startup_stm32f407xx.o(STACK)



==============================================================================

Memory Map of the image

  Image Entry point : 0x08000189

  Load Region LR_IROM1 (Base: 0x08000000, Size: 0x00004924, Max: 0x00080000, ABSOLUTE)

    Execution Region ER_IROM1 (Exec base: 0x08000000, Load base: 0x08000000, Size: 0x00004828, Max: 0x00080000, ABSOLUTE)

    Exec Addr    Load Addr    Size         Type   Attr      Idx    E Section Name        Object

    0x08000000   0x08000000   0x00000188   Data   RO            3    RESET               startup_stm32f407xx.o
    0x08000188   0x08000188   0x00000000   Code   RO         5644  * .ARM.Collect$$$$00000000  mc_w.l(entry.o)
    0x08000188   0x08000188   0x00000004   Code   RO         5657    .ARM.Collect$$$$00000001  mc_w.l(entry2.o)
    0x0800018c   0x0800018c   0x00000004   Code   RO         5660    .ARM.Collect$$$$00000004  mc_w.l(entry5.o)
    0x08000190   0x08000190   0x00000000   Code   RO         5662    .ARM.Collect$$$$00000008  mc_w.l(entry7b.o)
    0x08000190   0x08000190   0x00000000   Code   RO         5664    .ARM.Collect$$$$0000000A  mc_w.l(entry8b.o)
    0x08000190   0x08000190   0x00000008   Code   RO         5665    .ARM.Collect$$$$0000000B  mc_w.l(entry9a.o)
    0x08000198   0x08000198   0x00000000   Code   RO         5667    .ARM.Collect$$$$0000000D  mc_w.l(entry10a.o)
    0x08000198   0x08000198   0x00000000   Code   RO         5669    .ARM.Collect$$$$0000000F  mc_w.l(entry11a.o)
    0x08000198   0x08000198   0x00000004   Code   RO         5658    .ARM.Collect$$$$00002712  mc_w.l(entry2.o)
    0x0800019c   0x0800019c   0x000000be   Code   RO         4932    .emb_text           port.o
    0x0800025a   0x0800025a   0x00000002   PAD
    0x0800025c   0x0800025c   0x00000024   Code   RO            4    .text               startup_stm32f407xx.o
    0x08000280   0x08000280   0x00000062   Code   RO         5647    .text               mc_w.l(uldiv.o)
    0x080002e2   0x080002e2   0x00000024   Code   RO         5649    .text               mc_w.l(memcpya.o)
    0x08000306   0x08000306   0x00000024   Code   RO         5653    .text               mc_w.l(memseta.o)
    0x0800032a   0x0800032a   0x0000001e   Code   RO         5671    .text               mc_w.l(llshl.o)
    0x08000348   0x08000348   0x00000020   Code   RO         5673    .text               mc_w.l(llushr.o)
    0x08000368   0x08000368   0x00000024   Code   RO         5675    .text               mc_w.l(init.o)
    0x0800038c   0x0800038c   0x0000001c   Code   RO         5186    i.ADC_CHANNEL_Result  adc_collect.o
    0x080003a8   0x080003a8   0x0000006e   Code   RO          637    i.ADC_DMAConvCplt   stm32f4xx_hal_adc.o
    0x08000416   0x08000416   0x00000016   Code   RO          638    i.ADC_DMAError      stm32f4xx_hal_adc.o
    0x0800042c   0x0800042c   0x0000000a   Code   RO          639    i.ADC_DMAHalfConvCplt  stm32f4xx_hal_adc.o
    0x08000436   0x08000436   0x00000002   PAD
    0x08000438   0x08000438   0x00000098   Code   RO         5187    i.ADC_Detect        adc_collect.o
    0x080004d0   0x080004d0   0x00000128   Code   RO          640    i.ADC_Init          stm32f4xx_hal_adc.o
    0x080005f8   0x080005f8   0x00000018   Code   RO         5188    i.ADC_Reset         adc_collect.o
    0x08000610   0x08000610   0x00000002   Code   RO          492    i.BusFault_Handler  stm32f4xx_it.o
    0x08000612   0x08000612   0x00000002   PAD
    0x08000614   0x08000614   0x000000ac   Code   RO         5359    i.Button_Detect     button.o
    0x080006c0   0x080006c0   0x00000024   Code   RO         5361    i.Button_FIFO_Get   button.o
    0x080006e4   0x080006e4   0x0000001c   Code   RO         5362    i.Button_FIFO_Put   button.o
    0x08000700   0x08000700   0x00000028   Code   RO         5364    i.Button_Init       button.o
    0x08000728   0x08000728   0x00000006   Code   RO         5365    i.Button_Scan       button.o
    0x0800072e   0x0800072e   0x00000002   PAD
    0x08000730   0x08000730   0x0000000c   Code   RO          493    i.DMA1_Stream1_IRQHandler  stm32f4xx_it.o
    0x0800073c   0x0800073c   0x0000000c   Code   RO          494    i.DMA2_Stream0_IRQHandler  stm32f4xx_it.o
    0x08000748   0x08000748   0x00000028   Code   RO         1371    i.DMA_CalcBaseAndBitshift  stm32f4xx_hal_dma.o
    0x08000770   0x08000770   0x00000054   Code   RO         1372    i.DMA_CheckFifoParam  stm32f4xx_hal_dma.o
    0x080007c4   0x080007c4   0x00000028   Code   RO         1373    i.DMA_SetConfig     stm32f4xx_hal_dma.o
    0x080007ec   0x080007ec   0x00000002   Code   RO          495    i.DebugMon_Handler  stm32f4xx_it.o
    0x080007ee   0x080007ee   0x00000004   Code   RO         5451    i.Detect_Timer_Callback  detect_timer.o
    0x080007f2   0x080007f2   0x00000002   PAD
    0x080007f4   0x080007f4   0x00000010   Code   RO         5452    i.Detect_Timer_Init  detect_timer.o
    0x08000804   0x08000804   0x00000002   Code   RO           13    i.Error_Handler     main.o
    0x08000806   0x08000806   0x00000002   PAD
    0x08000808   0x08000808   0x0000000c   Code   RO         5335    i.FeedIndependentWDOG  watchdog.o
    0x08000814   0x08000814   0x00000010   Code   RO         5012    i.Get_WhichChannel_Voltage  bsp_adcdetect.o
    0x08000824   0x08000824   0x00000004   Code   RO         5305    i.Get_systime_ms    systime.o
    0x08000828   0x08000828   0x0000014c   Code   RO          642    i.HAL_ADC_ConfigChannel  stm32f4xx_hal_adc.o
    0x08000974   0x08000974   0x00000002   Code   RO          643    i.HAL_ADC_ConvCpltCallback  stm32f4xx_hal_adc.o
    0x08000976   0x08000976   0x00000002   Code   RO          644    i.HAL_ADC_ConvHalfCpltCallback  stm32f4xx_hal_adc.o
    0x08000978   0x08000978   0x00000002   Code   RO          646    i.HAL_ADC_ErrorCallback  stm32f4xx_hal_adc.o
    0x0800097a   0x0800097a   0x00000054   Code   RO          651    i.HAL_ADC_Init      stm32f4xx_hal_adc.o
    0x080009ce   0x080009ce   0x00000002   PAD
    0x080009d0   0x080009d0   0x00000098   Code   RO          245    i.HAL_ADC_MspInit   adc.o
    0x08000a68   0x08000a68   0x00000130   Code   RO          658    i.HAL_ADC_Start_DMA  stm32f4xx_hal_adc.o
    0x08000b98   0x08000b98   0x00000058   Code   RO          661    i.HAL_ADC_Stop_DMA  stm32f4xx_hal_adc.o
    0x08000bf0   0x08000bf0   0x0000008e   Code   RO         1374    i.HAL_DMA_Abort     stm32f4xx_hal_dma.o
    0x08000c7e   0x08000c7e   0x00000002   PAD
    0x08000c80   0x08000c80   0x000001a0   Code   RO         1379    i.HAL_DMA_IRQHandler  stm32f4xx_hal_dma.o
    0x08000e20   0x08000e20   0x000000d4   Code   RO         1380    i.HAL_DMA_Init      stm32f4xx_hal_dma.o
    0x08000ef4   0x08000ef4   0x00000046   Code   RO         1383    i.HAL_DMA_Start     stm32f4xx_hal_dma.o
    0x08000f3a   0x08000f3a   0x0000006e   Code   RO         1384    i.HAL_DMA_Start_IT  stm32f4xx_hal_dma.o
    0x08000fa8   0x08000fa8   0x000001b8   Code   RO         1267    i.HAL_GPIO_Init     stm32f4xx_hal_gpio.o
    0x08001160   0x08001160   0x0000000a   Code   RO         1269    i.HAL_GPIO_ReadPin  stm32f4xx_hal_gpio.o
    0x0800116a   0x0800116a   0x0000000a   Code   RO         1271    i.HAL_GPIO_WritePin  stm32f4xx_hal_gpio.o
    0x08001174   0x08001174   0x0000000c   Code   RO         1799    i.HAL_GetTick       stm32f4xx_hal.o
    0x08001180   0x08001180   0x00000052   Code   RO         2044    i.HAL_IWDG_Init     stm32f4xx_hal_iwdg.o
    0x080011d2   0x080011d2   0x0000000c   Code   RO         2045    i.HAL_IWDG_Refresh  stm32f4xx_hal_iwdg.o
    0x080011de   0x080011de   0x00000002   PAD
    0x080011e0   0x080011e0   0x00000010   Code   RO         1805    i.HAL_IncTick       stm32f4xx_hal.o
    0x080011f0   0x080011f0   0x00000034   Code   RO         1806    i.HAL_Init          stm32f4xx_hal.o
    0x08001224   0x08001224   0x00000074   Code   RO          598    i.HAL_InitTick      stm32f4xx_hal_timebase_tim.o
    0x08001298   0x08001298   0x00000038   Code   RO          574    i.HAL_MspInit       stm32f4xx_hal_msp.o
    0x080012d0   0x080012d0   0x0000001a   Code   RO         1656    i.HAL_NVIC_EnableIRQ  stm32f4xx_hal_cortex.o
    0x080012ea   0x080012ea   0x00000002   PAD
    0x080012ec   0x080012ec   0x00000040   Code   RO         1662    i.HAL_NVIC_SetPriority  stm32f4xx_hal_cortex.o
    0x0800132c   0x0800132c   0x00000024   Code   RO         1663    i.HAL_NVIC_SetPriorityGrouping  stm32f4xx_hal_cortex.o
    0x08001350   0x08001350   0x00000134   Code   RO          913    i.HAL_RCC_ClockConfig  stm32f4xx_hal_rcc.o
    0x08001484   0x08001484   0x00000040   Code   RO          917    i.HAL_RCC_GetClockConfig  stm32f4xx_hal_rcc.o
    0x080014c4   0x080014c4   0x00000020   Code   RO          920    i.HAL_RCC_GetPCLK1Freq  stm32f4xx_hal_rcc.o
    0x080014e4   0x080014e4   0x00000020   Code   RO          921    i.HAL_RCC_GetPCLK2Freq  stm32f4xx_hal_rcc.o
    0x08001504   0x08001504   0x00000064   Code   RO          922    i.HAL_RCC_GetSysClockFreq  stm32f4xx_hal_rcc.o
    0x08001568   0x08001568   0x0000035c   Code   RO          925    i.HAL_RCC_OscConfig  stm32f4xx_hal_rcc.o
    0x080018c4   0x080018c4   0x00000002   Code   RO         2751    i.HAL_TIMEx_BreakCallback  stm32f4xx_hal_tim_ex.o
    0x080018c6   0x080018c6   0x00000002   Code   RO         2752    i.HAL_TIMEx_CommutCallback  stm32f4xx_hal_tim_ex.o
    0x080018c8   0x080018c8   0x00000036   Code   RO         2076    i.HAL_TIM_Base_Init  stm32f4xx_hal_tim.o
    0x080018fe   0x080018fe   0x00000002   PAD
    0x08001900   0x08001900   0x00000028   Code   RO          396    i.HAL_TIM_Base_MspInit  tim.o
    0x08001928   0x08001928   0x00000022   Code   RO         2081    i.HAL_TIM_Base_Start_IT  stm32f4xx_hal_tim.o
    0x0800194a   0x0800194a   0x00000002   Code   RO         2105    i.HAL_TIM_IC_CaptureCallback  stm32f4xx_hal_tim.o
    0x0800194c   0x0800194c   0x00000166   Code   RO         2119    i.HAL_TIM_IRQHandler  stm32f4xx_hal_tim.o
    0x08001ab2   0x08001ab2   0x00000002   PAD
    0x08001ab4   0x08001ab4   0x00000054   Code   RO          397    i.HAL_TIM_MspPostInit  tim.o
    0x08001b08   0x08001b08   0x00000002   Code   RO         2122    i.HAL_TIM_OC_DelayElapsedCallback  stm32f4xx_hal_tim.o
    0x08001b0a   0x08001b0a   0x000000d0   Code   RO         2143    i.HAL_TIM_PWM_ConfigChannel  stm32f4xx_hal_tim.o
    0x08001bda   0x08001bda   0x00000036   Code   RO         2146    i.HAL_TIM_PWM_Init  stm32f4xx_hal_tim.o
    0x08001c10   0x08001c10   0x00000002   Code   RO         2148    i.HAL_TIM_PWM_MspInit  stm32f4xx_hal_tim.o
    0x08001c12   0x08001c12   0x00000002   Code   RO         2149    i.HAL_TIM_PWM_PulseFinishedCallback  stm32f4xx_hal_tim.o
    0x08001c14   0x08001c14   0x00000044   Code   RO         2151    i.HAL_TIM_PWM_Start  stm32f4xx_hal_tim.o
    0x08001c58   0x08001c58   0x0000005c   Code   RO         2154    i.HAL_TIM_PWM_Stop  stm32f4xx_hal_tim.o
    0x08001cb4   0x08001cb4   0x00000014   Code   RO           14    i.HAL_TIM_PeriodElapsedCallback  main.o
    0x08001cc8   0x08001cc8   0x00000002   Code   RO         2162    i.HAL_TIM_TriggerCallback  stm32f4xx_hal_tim.o
    0x08001cca   0x08001cca   0x00000062   Code   RO         3027    i.HAL_UART_Init     stm32f4xx_hal_uart.o
    0x08001d2c   0x08001d2c   0x000000b4   Code   RO          444    i.HAL_UART_MspInit  usart.o
    0x08001de0   0x08001de0   0x000000ba   Code   RO         3035    i.HAL_UART_Transmit  stm32f4xx_hal_uart.o
    0x08001e9a   0x08001e9a   0x00000002   Code   RO          496    i.HardFault_Handler  stm32f4xx_it.o
    0x08001e9c   0x08001e9c   0x00000038   Code   RO         5556    i.Init_taskFunction  init_task.o
    0x08001ed4   0x08001ed4   0x00000018   Code   RO         5368    i.IsButtonDown      button.o
    0x08001eec   0x08001eec   0x00000028   Code   RO         5189    i.Judge_ADC_CHANNEL  adc_collect.o
    0x08001f14   0x08001f14   0x000000a8   Code   RO          246    i.MX_ADC1_Init      adc.o
    0x08001fbc   0x08001fbc   0x0000004c   Code   RO          286    i.MX_DMA_Init       dma.o
    0x08002008   0x08002008   0x00000034   Code   RO          312    i.MX_FREERTOS_Init  freertos.o
    0x0800203c   0x0800203c   0x000000c0   Code   RO          220    i.MX_GPIO_Init      gpio.o
    0x080020fc   0x080020fc   0x0000002c   Code   RO          365    i.MX_IWDG_Init      iwdg.o
    0x08002128   0x08002128   0x0000006c   Code   RO          398    i.MX_TIM10_Init     tim.o
    0x08002194   0x08002194   0x00000038   Code   RO          445    i.MX_USART3_UART_Init  usart.o
    0x080021cc   0x080021cc   0x00000030   Code   RO         5620    i.Main_Task         main_task.o
    0x080021fc   0x080021fc   0x0000002c   Code   RO         5621    i.Main_TaskCreate   main_task.o
    0x08002228   0x08002228   0x00000002   Code   RO          497    i.MemManage_Handler  stm32f4xx_it.o
    0x0800222a   0x0800222a   0x00000002   Code   RO          498    i.NMI_Handler       stm32f4xx_it.o
    0x0800222c   0x0800222c   0x0000001c   Code   RO         5112    i.Send_2812_24bits  bsp_ws2812.o
    0x08002248   0x08002248   0x0000004c   Code   RO         5113    i.Send_8bits        bsp_ws2812.o
    0x08002294   0x08002294   0x0000005c   Code   RO         5526    i.SuperMario_InitMusic  supermario_music.o
    0x080022f0   0x080022f0   0x0000002c   Code   RO         4933    i.SysTick_Handler   port.o
    0x0800231c   0x0800231c   0x00000088   Code   RO           15    i.SystemClock_Config  main.o
    0x080023a4   0x080023a4   0x0000001c   Code   RO         3329    i.SystemInit        system_stm32f4xx.o
    0x080023c0   0x080023c0   0x0000000c   Code   RO          499    i.TIM3_IRQHandler   stm32f4xx_it.o
    0x080023cc   0x080023cc   0x000000c8   Code   RO         2164    i.TIM_Base_SetConfig  stm32f4xx_hal_tim.o
    0x08002494   0x08002494   0x0000001a   Code   RO         2165    i.TIM_CCxChannelCmd  stm32f4xx_hal_tim.o
    0x080024ae   0x080024ae   0x00000002   PAD
    0x080024b0   0x080024b0   0x00000060   Code   RO         2177    i.TIM_OC1_SetConfig  stm32f4xx_hal_tim.o
    0x08002510   0x08002510   0x0000006c   Code   RO         2178    i.TIM_OC2_SetConfig  stm32f4xx_hal_tim.o
    0x0800257c   0x0800257c   0x00000068   Code   RO         2179    i.TIM_OC3_SetConfig  stm32f4xx_hal_tim.o
    0x080025e4   0x080025e4   0x00000050   Code   RO         2180    i.TIM_OC4_SetConfig  stm32f4xx_hal_tim.o
    0x08002634   0x08002634   0x00000018   Code   RO         4452    i.TimerCallback     cmsis_os2.o
    0x0800264c   0x0800264c   0x00000080   Code   RO         5067    i.UART_RX_IDLE_Callback  bsp_usart.o
    0x080026cc   0x080026cc   0x00000128   Code   RO         3053    i.UART_SetConfig    stm32f4xx_hal_uart.o
    0x080027f4   0x080027f4   0x00000064   Code   RO         3055    i.UART_WaitOnFlagUntilTimeout  stm32f4xx_hal_uart.o
    0x08002858   0x08002858   0x00000048   Code   RO         5068    i.USART3_DMA_Init   bsp_usart.o
    0x080028a0   0x080028a0   0x00000010   Code   RO          500    i.USART3_IRQHandler  stm32f4xx_it.o
    0x080028b0   0x080028b0   0x0000001a   Code   RO         5069    i.USART3_Receive_Handler  bsp_usart.o
    0x080028ca   0x080028ca   0x00000002   PAD
    0x080028cc   0x080028cc   0x00000084   Code   RO         5013    i.Update_Channelx_ADC  bsp_adcdetect.o
    0x08002950   0x08002950   0x00000002   Code   RO          501    i.UsageFault_Handler  stm32f4xx_it.o
    0x08002952   0x08002952   0x00000002   PAD
    0x08002954   0x08002954   0x0000004c   Code   RO         5589    i.UsartInteractTask  usartinteract_task.o
    0x080029a0   0x080029a0   0x00000030   Code   RO         5590    i.UsartInteract_TaskCreate  usartinteract_task.o
    0x080029d0   0x080029d0   0x0000003c   Code   RO         5484    i.WS2812_CheckSelf  light_show.o
    0x08002a0c   0x08002a0c   0x00000016   Code   RO         5485    i.WS2812_Detect     light_show.o
    0x08002a22   0x08002a22   0x00000004   Code   RO         5486    i.WS2812_LIGHTOFF   light_show.o
    0x08002a26   0x08002a26   0x00000004   Code   RO         5487    i.WS2812_SHOW       light_show.o
    0x08002a2a   0x08002a2a   0x00000020   Code   RO         1669    i.__NVIC_SetPriority  stm32f4xx_hal_cortex.o
    0x08002a4a   0x08002a4a   0x0000000e   Code   RO         5679    i.__scatterload_copy  mc_w.l(handlers.o)
    0x08002a58   0x08002a58   0x00000002   Code   RO         5680    i.__scatterload_null  mc_w.l(handlers.o)
    0x08002a5a   0x08002a5a   0x0000000e   Code   RO         5681    i.__scatterload_zeroinit  mc_w.l(handlers.o)
    0x08002a68   0x08002a68   0x00000020   Code   RO         5014    i.bsp_ADC_Reset     bsp_adcdetect.o
    0x08002a88   0x08002a88   0x00000054   Code   RO         5015    i.bsp_ADC_Update    bsp_adcdetect.o
    0x08002adc   0x08002adc   0x00000030   Code   RO         5114    i.bsp_WS2812_Init   bsp_ws2812.o
    0x08002b0c   0x08002b0c   0x0000001c   Code   RO         5115    i.bsp_WS2812_LED_Off  bsp_ws2812.o
    0x08002b28   0x08002b28   0x0000001c   Code   RO         5116    i.bsp_WS2812_LED_Write  bsp_ws2812.o
    0x08002b44   0x08002b44   0x00000028   Code   RO         5117    i.bsp_WS2812_Show   bsp_ws2812.o
    0x08002b6c   0x08002b6c   0x00000024   Code   RO         5118    i.bsp_WS2812_SyncAll  bsp_ws2812.o
    0x08002b90   0x08002b90   0x00000024   Code   RO         5119    i.bsp_WS2812_WriteAll  bsp_ws2812.o
    0x08002bb4   0x08002bb4   0x0000001a   Code   RO         5120    i.delay_100ns       bsp_ws2812.o
    0x08002bce   0x08002bce   0x00000002   PAD
    0x08002bd0   0x08002bd0   0x00000058   Code   RO         5243    i.fsm_running       main_fsm.o
    0x08002c28   0x08002c28   0x0000003c   Code   RO           16    i.main              main.o
    0x08002c64   0x08002c64   0x00000038   Code   RO         5244    i.mainfsm           main_fsm.o
    0x08002c9c   0x08002c9c   0x0000000c   Code   RO         5246    i.mainfsm_get_sta   main_fsm.o
    0x08002ca8   0x08002ca8   0x00000010   Code   RO         5248    i.mainfsm_switch    main_fsm.o
    0x08002cb8   0x08002cb8   0x00000034   Code   RO         4453    i.osDelay           cmsis_os2.o
    0x08002cec   0x08002cec   0x00000034   Code   RO         4467    i.osKernelInitialize  cmsis_os2.o
    0x08002d20   0x08002d20   0x0000003c   Code   RO         4470    i.osKernelStart     cmsis_os2.o
    0x08002d5c   0x08002d5c   0x000000a4   Code   RO         4503    i.osThreadNew       cmsis_os2.o
    0x08002e00   0x08002e00   0x00000084   Code   RO         4512    i.osTimerNew        cmsis_os2.o
    0x08002e84   0x08002e84   0x0000004c   Code   RO         4513    i.osTimerStart      cmsis_os2.o
    0x08002ed0   0x08002ed0   0x0000005c   Code   RO         3937    i.prvAddCurrentTaskToDelayedList  tasks.o
    0x08002f2c   0x08002f2c   0x000000d0   Code   RO         3938    i.prvAddNewTaskToReadyList  tasks.o
    0x08002ffc   0x08002ffc   0x00000058   Code   RO         4290    i.prvCheckForValidListAndQueue  timers.o
    0x08003054   0x08003054   0x00000026   Code   RO         3534    i.prvCopyDataFromQueue  queue.o
    0x0800307a   0x0800307a   0x0000006c   Code   RO         3535    i.prvCopyDataToQueue  queue.o
    0x080030e6   0x080030e6   0x00000034   Code   RO         3939    i.prvDeleteTCB      tasks.o
    0x0800311a   0x0800311a   0x00000002   PAD
    0x0800311c   0x0800311c   0x0000004c   Code   RO         4883    i.prvHeapInit       heap_4.o
    0x08003168   0x08003168   0x00000060   Code   RO         3940    i.prvIdleTask       tasks.o
    0x080031c8   0x080031c8   0x00000022   Code   RO         3537    i.prvInitialiseNewQueue  queue.o
    0x080031ea   0x080031ea   0x00000002   PAD
    0x080031ec   0x080031ec   0x000000b0   Code   RO         3941    i.prvInitialiseNewTask  tasks.o
    0x0800329c   0x0800329c   0x0000004e   Code   RO         4291    i.prvInitialiseNewTimer  timers.o
    0x080032ea   0x080032ea   0x00000002   PAD
    0x080032ec   0x080032ec   0x0000004c   Code   RO         4884    i.prvInsertBlockIntoFreeList  heap_4.o
    0x08003338   0x08003338   0x00000038   Code   RO         4292    i.prvInsertTimerInActiveList  timers.o
    0x08003370   0x08003370   0x0000001c   Code   RO         3538    i.prvIsQueueEmpty   queue.o
    0x0800338c   0x0800338c   0x000000fc   Code   RO         4293    i.prvProcessReceivedCommands  timers.o
    0x08003488   0x08003488   0x000000c0   Code   RO         4294    i.prvProcessTimerOrBlockTask  timers.o
    0x08003548   0x08003548   0x00000020   Code   RO         3943    i.prvResetNextTaskUnblockTime  tasks.o
    0x08003568   0x08003568   0x00000028   Code   RO         4295    i.prvSampleTimeNow  timers.o
    0x08003590   0x08003590   0x0000006c   Code   RO         4296    i.prvSwitchTimerLists  timers.o
    0x080035fc   0x080035fc   0x00000028   Code   RO         4934    i.prvTaskExitError  port.o
    0x08003624   0x08003624   0x00000024   Code   RO         4297    i.prvTimerTask      timers.o
    0x08003648   0x08003648   0x0000006a   Code   RO         3539    i.prvUnlockQueue    queue.o
    0x080036b2   0x080036b2   0x00000002   PAD
    0x080036b4   0x080036b4   0x000000d8   Code   RO         4885    i.pvPortMalloc      heap_4.o
    0x0800378c   0x0800378c   0x00000024   Code   RO         4298    i.pvTimerGetTimerID  timers.o
    0x080037b0   0x080037b0   0x0000002c   Code   RO         4935    i.pxPortInitialiseStack  port.o
    0x080037dc   0x080037dc   0x00000026   Code   RO         3494    i.uxListRemove      list.o
    0x08003802   0x08003802   0x00000002   PAD
    0x08003804   0x08003804   0x00000014   Code   RO         4515    i.vApplicationGetIdleTaskMemory  cmsis_os2.o
    0x08003818   0x08003818   0x00000018   Code   RO         4516    i.vApplicationGetTimerTaskMemory  cmsis_os2.o
    0x08003830   0x08003830   0x00000016   Code   RO         3495    i.vListInitialise   list.o
    0x08003846   0x08003846   0x00000006   Code   RO         3496    i.vListInitialiseItem  list.o
    0x0800384c   0x0800384c   0x00000030   Code   RO         3497    i.vListInsert       list.o
    0x0800387c   0x0800387c   0x00000018   Code   RO         3498    i.vListInsertEnd    list.o
    0x08003894   0x08003894   0x00000040   Code   RO         4937    i.vPortEnterCritical  port.o
    0x080038d4   0x080038d4   0x00000028   Code   RO         4938    i.vPortExitCritical  port.o
    0x080038fc   0x080038fc   0x0000005c   Code   RO         4886    i.vPortFree         heap_4.o
    0x08003958   0x08003958   0x00000024   Code   RO         4939    i.vPortSetupTimerInterrupt  port.o
    0x0800397c   0x0800397c   0x00000054   Code   RO         4940    i.vPortValidateInterruptPriority  port.o
    0x080039d0   0x080039d0   0x00000028   Code   RO         3545    i.vQueueAddToRegistry  queue.o
    0x080039f8   0x080039f8   0x00000044   Code   RO         3549    i.vQueueWaitForMessageRestricted  queue.o
    0x08003a3c   0x08003a3c   0x0000004c   Code   RO         3955    i.vTaskDelay        tasks.o
    0x08003a88   0x08003a88   0x0000008c   Code   RO         3956    i.vTaskDelayUntil   tasks.o
    0x08003b14   0x08003b14   0x00000090   Code   RO         3957    i.vTaskDelete       tasks.o
    0x08003ba4   0x08003ba4   0x00000010   Code   RO         3960    i.vTaskInternalSetTimeOutState  tasks.o
    0x08003bb4   0x08003bb4   0x0000000c   Code   RO         3961    i.vTaskMissedYield  tasks.o
    0x08003bc0   0x08003bc0   0x00000030   Code   RO         3963    i.vTaskPlaceOnEventList  tasks.o
    0x08003bf0   0x08003bf0   0x00000038   Code   RO         3964    i.vTaskPlaceOnEventListRestricted  tasks.o
    0x08003c28   0x08003c28   0x00000088   Code   RO         3972    i.vTaskStartScheduler  tasks.o
    0x08003cb0   0x08003cb0   0x00000010   Code   RO         3974    i.vTaskSuspendAll   tasks.o
    0x08003cc0   0x08003cc0   0x00000064   Code   RO         3975    i.vTaskSwitchContext  tasks.o
    0x08003d24   0x08003d24   0x000000f4   Code   RO         4941    i.xPortStartScheduler  port.o
    0x08003e18   0x08003e18   0x00000048   Code   RO         3554    i.xQueueGenericCreate  queue.o
    0x08003e60   0x08003e60   0x00000066   Code   RO         3555    i.xQueueGenericCreateStatic  queue.o
    0x08003ec6   0x08003ec6   0x00000002   PAD
    0x08003ec8   0x08003ec8   0x00000088   Code   RO         3556    i.xQueueGenericReset  queue.o
    0x08003f50   0x08003f50   0x00000160   Code   RO         3557    i.xQueueGenericSend  queue.o
    0x080040b0   0x080040b0   0x000000bc   Code   RO         3558    i.xQueueGenericSendFromISR  queue.o
    0x0800416c   0x0800416c   0x00000138   Code   RO         3567    i.xQueueReceive     queue.o
    0x080042a4   0x080042a4   0x00000074   Code   RO         3976    i.xTaskCheckForTimeOut  tasks.o
    0x08004318   0x08004318   0x0000005a   Code   RO         3977    i.xTaskCreate       tasks.o
    0x08004372   0x08004372   0x00000056   Code   RO         3978    i.xTaskCreateStatic  tasks.o
    0x080043c8   0x080043c8   0x0000001c   Code   RO         3982    i.xTaskGetSchedulerState  tasks.o
    0x080043e4   0x080043e4   0x0000000c   Code   RO         3983    i.xTaskGetTickCount  tasks.o
    0x080043f0   0x080043f0   0x000000c8   Code   RO         3985    i.xTaskIncrementTick  tasks.o
    0x080044b8   0x080044b8   0x00000080   Code   RO         3988    i.xTaskPriorityDisinherit  tasks.o
    0x08004538   0x08004538   0x00000070   Code   RO         3990    i.xTaskRemoveFromEventList  tasks.o
    0x080045a8   0x080045a8   0x000000c4   Code   RO         3991    i.xTaskResumeAll    tasks.o
    0x0800466c   0x0800466c   0x00000034   Code   RO         4303    i.xTimerCreate      timers.o
    0x080046a0   0x080046a0   0x0000002e   Code   RO         4304    i.xTimerCreateStatic  timers.o
    0x080046ce   0x080046ce   0x00000002   PAD
    0x080046d0   0x080046d0   0x00000060   Code   RO         4305    i.xTimerCreateTimerTask  timers.o
    0x08004730   0x08004730   0x00000068   Code   RO         4306    i.xTimerGenericCommand  timers.o
    0x08004798   0x08004798   0x00000034   Data   RO          313    .constdata          freertos.o
    0x080047cc   0x080047cc   0x00000008   Data   RO         1386    .constdata          stm32f4xx_hal_dma.o
    0x080047d4   0x080047d4   0x00000010   Data   RO         3330    .constdata          system_stm32f4xx.o
    0x080047e4   0x080047e4   0x00000008   Data   RO         3331    .constdata          system_stm32f4xx.o
    0x080047ec   0x080047ec   0x00000019   Data   RO          314    .conststring        freertos.o
    0x08004805   0x08004805   0x00000003   PAD
    0x08004808   0x08004808   0x00000020   Data   RO         5677    Region$$Table       anon$$obj.o


    Execution Region RW_IRAM2 (Exec base: 0x10000000, Load base: 0x08004924, Size: 0x00000000, Max: 0x00010000, ABSOLUTE)

    **** No section assigned to this execution region ****


    Execution Region RW_IRAM1 (Exec base: 0x20000000, Load base: 0x08004828, Size: 0x00005050, Max: 0x00020000, ABSOLUTE)

    Exec Addr    Load Addr    Size         Type   Attr      Idx    E Section Name        Object

    0x20000000   0x08004828   0x00000008   Data   RW          315    .data               freertos.o
    0x20000008   0x08004830   0x0000000c   Data   RW         1813    .data               stm32f4xx_hal.o
    0x20000014   0x0800483c   0x00000004   Data   RW         3332    .data               system_stm32f4xx.o
    0x20000018   0x08004840   0x0000003c   Data   RW         3994    .data               tasks.o
    0x20000054   0x0800487c   0x00000014   Data   RW         4314    .data               timers.o
    0x20000068   0x08004890   0x00000004   Data   RW         4518    .data               cmsis_os2.o
    0x2000006c   0x08004894   0x00000018   Data   RW         4891    .data               heap_4.o
    0x20000084   0x080048ac   0x0000000c   Data   RW         4942    .data               port.o
    0x20000090   0x080048b8   0x0000000c   Data   RW         5017    .data               bsp_adcdetect.o
    0x2000009c   0x080048c4   0x00000004   Data   RW         5071    .data               bsp_usart.o
    0x200000a0   0x080048c8   0x00000004   Data   RW         5190    .data               adc_collect.o
    0x200000a4   0x080048cc   0x00000005   Data   RW         5249    .data               main_fsm.o
    0x200000a9   0x080048d1   0x00000001   PAD
    0x200000aa   0x080048d2   0x00000044   Data   RW         5527    .data               supermario_music.o
    0x200000ee   0x08004916   0x00000002   PAD
    0x200000f0   0x08004918   0x00000004   Data   RW         5592    .data               usartinteract_task.o
    0x200000f4   0x0800491c   0x00000008   Data   RW         5622    .data               main_task.o
    0x200000fc        -       0x000000a8   Zero   RW          247    .bss                adc.o
    0x200001a4        -       0x0000000c   Zero   RW          366    .bss                iwdg.o
    0x200001b0        -       0x00000040   Zero   RW          399    .bss                tim.o
    0x200001f0        -       0x000000a0   Zero   RW          446    .bss                usart.o
    0x20000290        -       0x00000040   Zero   RW          601    .bss                stm32f4xx_hal_timebase_tim.o
    0x200002d0        -       0x00000040   Zero   RW         3571    .bss                queue.o
    0x20000310        -       0x000004c4   Zero   RW         3993    .bss                tasks.o
    0x200007d4        -       0x00000118   Zero   RW         4313    .bss                timers.o
    0x200008ec        -       0x000006b8   Zero   RW         4517    .bss                cmsis_os2.o
    0x20000fa4        -       0x00003c00   Zero   RW         4890    .bss                heap_4.o
    0x20004ba4        -       0x00000024   Zero   RW         5016    .bss                bsp_adcdetect.o
    0x20004bc8        -       0x00000024   Zero   RW         5070    .bss                bsp_usart.o
    0x20004bec        -       0x0000002d   Zero   RW         5121    .bss                bsp_ws2812.o
    0x20004c19   0x08004924   0x00000003   PAD
    0x20004c1c        -       0x0000001c   Zero   RW         5369    .bss                button.o
    0x20004c38        -       0x00000012   Zero   RW         5591    .bss                usartinteract_task.o
    0x20004c4a   0x08004924   0x00000006   PAD
    0x20004c50        -       0x00000400   Zero   RW            1    STACK               startup_stm32f407xx.o


==============================================================================

Image component sizes


      Code (inc. data)   RO Data    RW Data    ZI Data      Debug   Object Name

       320         34          0          0        168       1903   adc.o
       244         24          0          4          0       3802   adc_collect.o
       264         42          0         12         36       4612   bsp_adcdetect.o
       226         24          0          4         36       3187   bsp_usart.o
       346         30          0          0         45       6663   bsp_ws2812.o
       306         30          0          0         28       4173   button.o
       604         44          0          4       1720      33670   cmsis_os2.o
        20          6          0          0          0       1008   detect_timer.o
        76          4          0          0          0        854   dma.o
         0          0          0          0          0      20968   event_groups.o
        52         18         77          8          0       2289   freertos.o
       192         14          0          0          0       1043   gpio.o
       460         24          0         24      15360       4939   heap_4.o
        56          0          0          0          0       1252   init_task.o
        44          8          0          0         12        763   iwdg.o
        90          0          0          0          0       2499   light_show.o
       138          0          0          0          0       3714   list.o
       218         18          0          0          0     717544   main.o
       172         30          0          5          0       4247   main_fsm.o
        92         24          0          8          0       1432   main_task.o
       786         82          0         12          0      11925   port.o
      1584         20          0          0         64      18890   queue.o
        36          8        392          0       1024        864   startup_stm32f407xx.o
        80         14          0         12          0       8242   stm32f4xx_hal.o
      1252         64          0          0          0       8520   stm32f4xx_hal_adc.o
       158         14          0          0          0      33298   stm32f4xx_hal_cortex.o
      1114         16          8          0          0       7807   stm32f4xx_hal_dma.o
       460         46          0          0          0       3167   stm32f4xx_hal_gpio.o
        94          0          0          0          0       1839   stm32f4xx_hal_iwdg.o
        56          4          0          0          0        894   stm32f4xx_hal_msp.o
      1396         86          0          0          0       6081   stm32f4xx_hal_rcc.o
      1492         98          0          0          0      14429   stm32f4xx_hal_tim.o
         4          0          0          0          0       1681   stm32f4xx_hal_tim_ex.o
       116         16          0          0         64       1479   stm32f4xx_hal_timebase_tim.o
       680         10          0          0          0       4264   stm32f4xx_hal_uart.o
        64         24          0          0          0       4863   stm32f4xx_it.o
         0          0          0          0          0        392   stream_buffer.o
        92         14          0         68          0       1648   supermario_music.o
        28          6         24          4          0       1215   system_stm32f4xx.o
         4          0          0          0          0        493   systime.o
      2368        192          0         60       1220      29708   tasks.o
       232         32          0          0         64       2374   tim.o
      1184         80          0         20        280      33943   timers.o
       236         30          0          0        160       4413   usart.o
       124         54          0          4         18       1798   usartinteract_task.o
        12          6          0          0          0        482   watchdog.o

    ----------------------------------------------------------------------
     17618       1290        536        252      20308    1025271   Object Totals
         0          0         32          0          0          0   (incl. Generated)
        46          0          3          3          9          0   (incl. Padding)

    ----------------------------------------------------------------------

      Code (inc. data)   RO Data    RW Data    ZI Data      Debug   Library Member Name

         0          0          0          0          0          0   entry.o
         0          0          0          0          0          0   entry10a.o
         0          0          0          0          0          0   entry11a.o
         8          4          0          0          0          0   entry2.o
         4          0          0          0          0          0   entry5.o
         0          0          0          0          0          0   entry7b.o
         0          0          0          0          0          0   entry8b.o
         8          4          0          0          0          0   entry9a.o
        30          0          0          0          0          0   handlers.o
        36          8          0          0          0         68   init.o
        30          0          0          0          0         68   llshl.o
        32          0          0          0          0         68   llushr.o
        36          0          0          0          0         68   memcpya.o
        36          0          0          0          0        108   memseta.o
        98          0          0          0          0         92   uldiv.o

    ----------------------------------------------------------------------
       318         16          0          0          0        472   Library Totals
         0          0          0          0          0          0   (incl. Padding)

    ----------------------------------------------------------------------

      Code (inc. data)   RO Data    RW Data    ZI Data      Debug   Library Name

       318         16          0          0          0        472   mc_w.l

    ----------------------------------------------------------------------
       318         16          0          0          0        472   Library Totals

    ----------------------------------------------------------------------

==============================================================================


      Code (inc. data)   RO Data    RW Data    ZI Data      Debug   

     17936       1306        536        252      20308    1005591   Grand Totals
     17936       1306        536        252      20308    1005591   ELF Image Totals
     17936       1306        536        252          0          0   ROM Totals

==============================================================================

    Total RO  Size (Code + RO Data)                18472 (  18.04kB)
    Total RW  Size (RW Data + ZI Data)             20560 (  20.08kB)
    Total ROM Size (Code + RO Data + RW Data)      18724 (  18.29kB)

==============================================================================

